Archive member included to satisfy reference by file (symbol)

c:/program files/stm32cubeide_1.11.0/stm32cubeide/plugins/com.st.stm32cube.ide.mcu.externaltools.gnu-tools-for-stm32.10.3-2021.10.win32_1.0.100.202210260954/tools/bin/../lib/gcc/arm-none-eabi/10.3.1/../../../../arm-none-eabi/lib/thumb/v6-m/nofp\libm.a(lib_a-sf_floor.o)
                              ./Core/Src/ARGB.o (floorf)
c:/program files/stm32cubeide_1.11.0/stm32cubeide/plugins/com.st.stm32cube.ide.mcu.externaltools.gnu-tools-for-stm32.10.3-2021.10.win32_1.0.100.202210260954/tools/bin/../lib/gcc/arm-none-eabi/10.3.1/../../../../arm-none-eabi/lib/thumb/v6-m/nofp\libm.a(lib_a-w_fmod.o)
                              ./Core/Src/work.o (fmod)
c:/program files/stm32cubeide_1.11.0/stm32cubeide/plugins/com.st.stm32cube.ide.mcu.externaltools.gnu-tools-for-stm32.10.3-2021.10.win32_1.0.100.202210260954/tools/bin/../lib/gcc/arm-none-eabi/10.3.1/../../../../arm-none-eabi/lib/thumb/v6-m/nofp\libm.a(lib_a-wf_atan2.o)
                              ./Core/MPU6050/MPU6050_6Axis_MotionApps20.o (atan2f)
c:/program files/stm32cubeide_1.11.0/stm32cubeide/plugins/com.st.stm32cube.ide.mcu.externaltools.gnu-tools-for-stm32.10.3-2021.10.win32_1.0.100.202210260954/tools/bin/../lib/gcc/arm-none-eabi/10.3.1/../../../../arm-none-eabi/lib/thumb/v6-m/nofp\libm.a(lib_a-wf_sqrt.o)
                              ./Core/MPU6050/MPU6050_6Axis_MotionApps20.o (sqrtf)
c:/program files/stm32cubeide_1.11.0/stm32cubeide/plugins/com.st.stm32cube.ide.mcu.externaltools.gnu-tools-for-stm32.10.3-2021.10.win32_1.0.100.202210260954/tools/bin/../lib/gcc/arm-none-eabi/10.3.1/../../../../arm-none-eabi/lib/thumb/v6-m/nofp\libm.a(lib_a-e_fmod.o)
                              c:/program files/stm32cubeide_1.11.0/stm32cubeide/plugins/com.st.stm32cube.ide.mcu.externaltools.gnu-tools-for-stm32.10.3-2021.10.win32_1.0.100.202210260954/tools/bin/../lib/gcc/arm-none-eabi/10.3.1/../../../../arm-none-eabi/lib/thumb/v6-m/nofp\libm.a(lib_a-w_fmod.o) (__ieee754_fmod)
c:/program files/stm32cubeide_1.11.0/stm32cubeide/plugins/com.st.stm32cube.ide.mcu.externaltools.gnu-tools-for-stm32.10.3-2021.10.win32_1.0.100.202210260954/tools/bin/../lib/gcc/arm-none-eabi/10.3.1/../../../../arm-none-eabi/lib/thumb/v6-m/nofp\libm.a(lib_a-ef_atan2.o)
                              c:/program files/stm32cubeide_1.11.0/stm32cubeide/plugins/com.st.stm32cube.ide.mcu.externaltools.gnu-tools-for-stm32.10.3-2021.10.win32_1.0.100.202210260954/tools/bin/../lib/gcc/arm-none-eabi/10.3.1/../../../../arm-none-eabi/lib/thumb/v6-m/nofp\libm.a(lib_a-wf_atan2.o) (__ieee754_atan2f)
c:/program files/stm32cubeide_1.11.0/stm32cubeide/plugins/com.st.stm32cube.ide.mcu.externaltools.gnu-tools-for-stm32.10.3-2021.10.win32_1.0.100.202210260954/tools/bin/../lib/gcc/arm-none-eabi/10.3.1/../../../../arm-none-eabi/lib/thumb/v6-m/nofp\libm.a(lib_a-ef_sqrt.o)
                              c:/program files/stm32cubeide_1.11.0/stm32cubeide/plugins/com.st.stm32cube.ide.mcu.externaltools.gnu-tools-for-stm32.10.3-2021.10.win32_1.0.100.202210260954/tools/bin/../lib/gcc/arm-none-eabi/10.3.1/../../../../arm-none-eabi/lib/thumb/v6-m/nofp\libm.a(lib_a-wf_sqrt.o) (__ieee754_sqrtf)
c:/program files/stm32cubeide_1.11.0/stm32cubeide/plugins/com.st.stm32cube.ide.mcu.externaltools.gnu-tools-for-stm32.10.3-2021.10.win32_1.0.100.202210260954/tools/bin/../lib/gcc/arm-none-eabi/10.3.1/../../../../arm-none-eabi/lib/thumb/v6-m/nofp\libm.a(lib_a-sf_atan.o)
                              c:/program files/stm32cubeide_1.11.0/stm32cubeide/plugins/com.st.stm32cube.ide.mcu.externaltools.gnu-tools-for-stm32.10.3-2021.10.win32_1.0.100.202210260954/tools/bin/../lib/gcc/arm-none-eabi/10.3.1/../../../../arm-none-eabi/lib/thumb/v6-m/nofp\libm.a(lib_a-ef_atan2.o) (atanf)
c:/program files/stm32cubeide_1.11.0/stm32cubeide/plugins/com.st.stm32cube.ide.mcu.externaltools.gnu-tools-for-stm32.10.3-2021.10.win32_1.0.100.202210260954/tools/bin/../lib/gcc/arm-none-eabi/10.3.1/../../../../arm-none-eabi/lib/thumb/v6-m/nofp\libm.a(lib_a-sf_fabs.o)
                              c:/program files/stm32cubeide_1.11.0/stm32cubeide/plugins/com.st.stm32cube.ide.mcu.externaltools.gnu-tools-for-stm32.10.3-2021.10.win32_1.0.100.202210260954/tools/bin/../lib/gcc/arm-none-eabi/10.3.1/../../../../arm-none-eabi/lib/thumb/v6-m/nofp\libm.a(lib_a-ef_atan2.o) (fabsf)
c:/program files/stm32cubeide_1.11.0/stm32cubeide/plugins/com.st.stm32cube.ide.mcu.externaltools.gnu-tools-for-stm32.10.3-2021.10.win32_1.0.100.202210260954/tools/bin/../lib/gcc/arm-none-eabi/10.3.1/../../../../arm-none-eabi/lib/thumb/v6-m/nofp\libc_nano.a(lib_a-errno.o)
                              ./Core/Src/syscalls.o (__errno)
c:/program files/stm32cubeide_1.11.0/stm32cubeide/plugins/com.st.stm32cube.ide.mcu.externaltools.gnu-tools-for-stm32.10.3-2021.10.win32_1.0.100.202210260954/tools/bin/../lib/gcc/arm-none-eabi/10.3.1/../../../../arm-none-eabi/lib/thumb/v6-m/nofp\libc_nano.a(lib_a-exit.o)
[...]
Memory Configuration

Name             Origin             Length             Attributes
RAM              0x0000000020000000 0x0000000000004000 xrw
FLASH            0x0000000008000000 0x0000000000010000 xr
*default*        0x0000000000000000 0xffffffffffffffff

Linker script and memory map

LOAD c:/program files/stm32cubeide_1.11.0/stm32cubeide/plugins/com.st.stm32cube.ide.mcu.externaltools.gnu-tools-for-stm32.10.3-2021.10.win32_1.0.100.202210260954/tools/bin/../lib/gcc/arm-none-eabi/10.3.1/thumb/v6-m/nofp/crti.o
LOAD c:/program files/stm32cubeide_1.11.0/stm32cubeide/plugins/com.st.stm32cube.ide.mcu.externaltools.gnu-tools-for-stm32.10.3-2021.10.win32_1.0.100.202210260954/tools/bin/../lib/gcc/arm-none-eabi/10.3.1/thumb/v6-m/nofp/crtbegin.o
LOAD c:/program files/stm32cubeide_1.11.0/stm32cubeide/plugins/com.st.stm32cube.ide.mcu.externaltools.gnu-tools-for-stm32.10.3-2021.10.win32_1.0.100.202210260954/tools/bin/../lib/gcc/arm-none-eabi/10.3.1/../../../../arm-none-eabi/lib/thumb/v6-m/nofp/crt0.o
LOAD ./Core/MPU6050/I2Cdev.o
LOAD ./Core/MPU6050/MPU6050.o
LOAD ./Core/MPU6050/MPU6050_6Axis_MotionApps20.o
LOAD ./Core/Src/ARGB.o
LOAD ./Core/Src/main.o
LOAD ./Core/Src/stm32f0xx_hal_msp.o
LOAD ./Core/Src/stm32f0xx_it.o
LOAD ./Core/Src/support.o
LOAD ./Core/Src/syscalls.o
LOAD ./Core/Src/sysmem.o
LOAD ./Core/Src/system_stm32f0xx.o
LOAD ./Core/Src/work.o
LOAD ./Core/Startup/startup_stm32f072c8ux.o
LOAD ./Drivers/STM32F0xx_HAL_Driver/Src/stm32f0xx_hal.o
LOAD ./Drivers/STM32F0xx_HAL_Driver/Src/stm32f0xx_hal_adc.o
LOAD ./Drivers/STM32F0xx_HAL_Driver/Src/stm32f0xx_hal_adc_ex.o
LOAD ./Drivers/STM32F0xx_HAL_Driver/Src/stm32f0xx_hal_cortex.o
LOAD ./Drivers/STM32F0xx_HAL_Driver/Src/stm32f0xx_hal_dma.o
LOAD ./Drivers/STM32F0xx_HAL_Driver/Src/stm32f0xx_hal_exti.o
LOAD ./Drivers/STM32F0xx_HAL_Driver/Src/stm32f0xx_hal_flash.o
LOAD ./Drivers/STM32F0xx_HAL_Driver/Src/stm32f0xx_hal_flash_ex.o
LOAD ./Drivers/STM32F0xx_HAL_Driver/Src/stm32f0xx_hal_gpio.o
LOAD ./Drivers/STM32F0xx_HAL_Driver/Src/stm32f0xx_hal_i2c.o
LOAD ./Drivers/STM32F0xx_HAL_Driver/Src/stm32f0xx_hal_i2c_ex.o
LOAD ./Drivers/STM32F0xx_HAL_Driver/Src/stm32f0xx_hal_pwr.o
LOAD ./Drivers/STM32F0xx_HAL_Driver/Src/stm32f0xx_hal_pwr_ex.o
LOAD ./Drivers/STM32F0xx_HAL_Driver/Src/stm32f0xx_hal_rcc.o
LOAD ./Drivers/STM32F0xx_HAL_Driver/Src/stm32f0xx_hal_rcc_ex.o
LOAD ./Drivers/STM32F0xx_HAL_Driver/Src/stm32f0xx_hal_tim.o
LOAD ./Drivers/STM32F0xx_HAL_Driver/Src/stm32f0xx_hal_tim_ex.o
START GROUP
LOAD c:/program files/stm32cubeide_1.11.0/stm32cubeide/plugins/com.st.stm32cube.ide.mcu.externaltools.gnu-tools-for-stm32.10.3-2021.10.win32_1.0.100.202210260954/tools/bin/../lib/gcc/arm-none-eabi/10.3.1/../../../../arm-none-eabi/lib/thumb/v6-m/nofp\libstdc++_nano.a
LOAD c:/program files/stm32cubeide_1.11.0/stm32cubeide/plugins/com.st.stm32cube.ide.mcu.externaltools.gnu-tools-for-stm32.10.3-2021.10.win32_1.0.100.202210260954/tools/bin/../lib/gcc/arm-none-eabi/10.3.1/../../../../arm-none-eabi/lib/thumb/v6-m/nofp\libsupc++_nano.a
END GROUP
LOAD c:/program files/stm32cubeide_1.11.0/stm32cubeide/plugins/com.st.stm32cube.ide.mcu.externaltools.gnu-tools-for-stm32.10.3-2021.10.win32_1.0.100.202210260954/tools/bin/../lib/gcc/arm-none-eabi/10.3.1/../../../../arm-none-eabi/lib/thumb/v6-m/nofp\libstdc++_nano.a
LOAD c:/program files/stm32cubeide_1.11.0/stm32cubeide/plugins/com.st.stm32cube.ide.mcu.externaltools.gnu-tools-for-stm32.10.3-2021.10.win32_1.0.100.202210260954/tools/bin/../lib/gcc/arm-none-eabi/10.3.1/../../../../arm-none-eabi/lib/thumb/v6-m/nofp\libm.a
LOAD c:/program files/stm32cubeide_1.11.0/stm32cubeide/plugins/com.st.stm32cube.ide.mcu.externaltools.gnu-tools-for-stm32.10.3-2021.10.win32_1.0.100.202210260954/tools/bin/../lib/gcc/arm-none-eabi/10.3.1/../../../../arm-none-eabi/lib/thumb/v6-m/nofp\libc_nano.a
START GROUP
LOAD c:/program files/stm32cubeide_1.11.0/stm32cubeide/plugins/com.st.stm32cube.ide.mcu.externaltools.gnu-tools-for-stm32.10.3-2021.10.win32_1.0.100.202210260954/tools/bin/../lib/gcc/arm-none-eabi/10.3.1/thumb/v6-m/nofp\libgcc.a
LOAD c:/program files/stm32cubeide_1.11.0/stm32cubeide/plugins/com.st.stm32cube.ide.mcu.externaltools.gnu-tools-for-stm32.10.3-2021.10.win32_1.0.100.202210260954/tools/bin/../lib/gcc/arm-none-eabi/10.3.1/../../../../arm-none-eabi/lib/thumb/v6-m/nofp\libc_nano.a
END GROUP
START GROUP
LOAD c:/program files/stm32cubeide_1.11.0/stm32cubeide/plugins/com.st.stm32cube.ide.mcu.externaltools.gnu-tools-for-stm32.10.3-2021.10.win32_1.0.100.202210260954/tools/bin/../lib/gcc/arm-none-eabi/10.3.1/thumb/v6-m/nofp\libgcc.a
LOAD c:/program files/stm32cubeide_1.11.0/stm32cubeide/plugins/com.st.stm32cube.ide.mcu.externaltools.gnu-tools-for-stm32.10.3-2021.10.win32_1.0.100.202210260954/tools/bin/../lib/gcc/arm-none-eabi/10.3.1/../../../../arm-none-eabi/lib/thumb/v6-m/nofp\libc_nano.a
LOAD c:/program files/stm32cubeide_1.11.0/stm32cubeide/plugins/com.st.stm32cube.ide.mcu.externaltools.gnu-tools-for-stm32.10.3-2021.10.win32_1.0.100.202210260954/tools/bin/../lib/gcc/arm-none-eabi/10.3.1/../../../../arm-none-eabi/lib/thumb/v6-m/nofp\libnosys.a
END GROUP
START GROUP
LOAD c:/program files/stm32cubeide_1.11.0/stm32cubeide/plugins/com.st.stm32cube.ide.mcu.externaltools.gnu-tools-for-stm32.10.3-2021.10.win32_1.0.100.202210260954/tools/bin/../lib/gcc/arm-none-eabi/10.3.1/thumb/v6-m/nofp\libgcc.a
LOAD c:/program files/stm32cubeide_1.11.0/stm32cubeide/plugins/com.st.stm32cube.ide.mcu.externaltools.gnu-tools-for-stm32.10.3-2021.10.win32_1.0.100.202210260954/tools/bin/../lib/gcc/arm-none-eabi/10.3.1/../../../../arm-none-eabi/lib/thumb/v6-m/nofp\libc_nano.a
LOAD c:/program files/stm32cubeide_1.11.0/stm32cubeide/plugins/com.st.stm32cube.ide.mcu.externaltools.gnu-tools-for-stm32.10.3-2021.10.win32_1.0.100.202210260954/tools/bin/../lib/gcc/arm-none-eabi/10.3.1/../../../../arm-none-eabi/lib/thumb/v6-m/nofp\libnosys.a
END GROUP
LOAD c:/program files/stm32cubeide_1.11.0/stm32cubeide/plugins/com.st.stm32cube.ide.mcu.externaltools.gnu-tools-for-stm32.10.3-2021.10.win32_1.0.100.202210260954/tools/bin/../lib/gcc/arm-none-eabi/10.3.1/thumb/v6-m/nofp/crtend.o
LOAD c:/program files/stm32cubeide_1.11.0/stm32cubeide/plugins/com.st.stm32cube.ide.mcu.externaltools.gnu-tools-for-stm32.10.3-2021.10.win32_1.0.100.202210260954/tools/bin/../lib/gcc/arm-none-eabi/10.3.1/thumb/v6-m/nofp/crtn.o
                0x0000000020004000                _estack = (ORIGIN (RAM) + LENGTH (RAM))
                0x0000000000000200                _Min_Heap_Size = 0x200
                0x0000000000000400                _Min_Stack_Size = 0x400

.isr_vector     0x0000000008000000       0xc0
                0x0000000008000000                . = ALIGN (0x4)
 *(.isr_vector)
 .isr_vector    0x0000000008000000       0xc0 ./Core/Startup/startup_stm32f072c8ux.o
                0x0000000008000000                g_pfnVectors
                0x00000000080000c0                . = ALIGN (0x4)

.text           0x00000000080000c0     0xa6bc
                0x00000000080000c0                . = ALIGN (0x4)
 *(.text)
 .text          0x00000000080000c0       0x48 c:/program files/stm32cubeide_1.11.0/stm32cubeide/plugins/com.st.stm32cube.ide.mcu.externaltools.gnu-tools-for-stm32.10.3-2021.10.win32_1.0.100.202210260954/tools/bin/../lib/gcc/arm-none-eabi/10.3.1/thumb/v6-m/nofp/crtbegin.o
 .text          0x0000000008000108      0x114 c:/program files/stm32cubeide_1.11.0/stm32cubeide/plugins/com.st.stm32cube.ide.mcu.externaltools.gnu-tools-for-stm32.10.3-2021.10.win32_1.0.100.202210260954/tools/bin/../lib/gcc/arm-none-eabi/10.3.1/thumb/v6-m/nofp\libgcc.a(_udivsi3.o)
                0x0000000008000108                __aeabi_uidiv
                0x0000000008000108                __udivsi3
                0x0000000008000214                __aeabi_uidivmod
 .text          0x000000000800021c      0x1d4 c:/program files/stm32cubeide_1.11.0/stm32cubeide/plugins/com.st.stm32cube.ide.mcu.externaltools.gnu-tools-for-stm32.10.3-2021.10.win32_1.0.100.202210260954/tools/bin/../lib/gcc/arm-none-eabi/10.3.1/thumb/v6-m/nofp\libgcc.a(_divsi3.o)
                0x000000000800021c                __divsi3
                0x000000000800021c                __aeabi_idiv
                0x00000000080003e8                __aeabi_idivmod
 .text          0x00000000080003f0        0x4 c:/program files/stm32cubeide_1.11.0/stm32cubeide/plugins/com.st.stm32cube.ide.mcu.externaltools.gnu-tools-for-stm32.10.3-2021.10.win32_1.0.100.202210260954/tools/bin/../lib/gcc/arm-none-eabi/10.3.1/thumb/v6-m/nofp\libgcc.a(_dvmd_tls.o)
                0x00000000080003f0                __aeabi_idiv0
                0x00000000080003f0                __aeabi_ldiv0
 .text          0x00000000080003f4       0x7c c:/program files/stm32cubeide_1.11.0/stm32cubeide/plugins/com.st.stm32cube.ide.mcu.externaltools.gnu-tools-for-stm32.10.3-2021.10.win32_1.0.100.202210260954/tools/bin/../lib/gcc/arm-none-eabi/10.3.1/thumb/v6-m/nofp\libgcc.a(_arm_cmpdf2.o)
                0x00000000080003f4                __aeabi_cdrcmple
                0x0000000008000404                __aeabi_cdcmple
                0x0000000008000404                __aeabi_cdcmpeq
                0x0000000008000414                __aeabi_dcmpeq
                0x0000000008000420                __aeabi_dcmplt
                0x0000000008000434                __aeabi_dcmple
                0x0000000008000448                __aeabi_dcmpgt
                0x000000000800045c                __aeabi_dcmpge
 .text          0x0000000008000470       0x74 c:/program files/stm32cubeide_1.11.0/stm32cubeide/plugins/com.st.stm32cube.ide.mcu.externaltools.gnu-tools-for-stm32.10.3-2021.10.win32_1.0.100.202210260954/tools/bin/../lib/gcc/arm-none-eabi/10.3.1/thumb/v6-m/nofp\libgcc.a(_arm_cmpsf2.o)
                0x0000000008000470                __aeabi_cfrcmple
                0x0000000008000478                __aeabi_cfcmpeq
                0x0000000008000478                __aeabi_cfcmple
                0x0000000008000488                __aeabi_fcmpeq
                0x0000000008000494                __aeabi_fcmplt
                0x00000000080004a8                __aeabi_fcmple
                0x00000000080004bc                __aeabi_fcmpgt
                0x00000000080004d0                __aeabi_fcmpge
 .text          0x00000000080004e4       0x30 c:/program files/stm32cubeide_1.11.0/stm32cubeide/plugins/com.st.stm32cube.ide.mcu.externaltools.gnu-tools-for-stm32.10.3-2021.10.win32_1.0.100.202210260954/tools/bin/../lib/gcc/arm-none-eabi/10.3.1/thumb/v6-m/nofp\libgcc.a(_fixunssfsi.o)
                0x00000000080004e4                __fixunssfsi
                0x00000000080004e4                __aeabi_f2uiz
 .text          0x0000000008000514       0x3c c:/program files/stm32cubeide_1.11.0/stm32cubeide/plugins/com.st.stm32cube.ide.mcu.externaltools.gnu-tools-for-stm32.10.3-2021.10.win32_1.0.100.202210260954/tools/bin/../lib/gcc/arm-none-eabi/10.3.1/thumb/v6-m/nofp\libgcc.a(_fixunsdfsi.o)
                0x0000000008000514                __aeabi_d2uiz
                0x0000000008000514                __fixunsdfsi
 .text          0x0000000008000550      0x33c c:/program files/stm32cubeide_1.11.0/stm32cubeide/plugins/com.st.stm32cube.ide.mcu.externaltools.gnu-tools-for-stm32.10.3-2021.10.win32_1.0.100.202210260954/tools/bin/../lib/gcc/arm-none-eabi/10.3.1/thumb/v6-m/nofp\libgcc.a(addsf3.o)
                0x0000000008000550                __aeabi_fadd
 .text          0x000000000800088c      0x230 c:/program files/stm32cubeide_1.11.0/stm32cubeide/plugins/com.st.stm32cube.ide.mcu.externaltools.gnu-tools-for-stm32.10.3-2021.10.win32_1.0.100.202210260954/tools/bin/../lib/gcc/arm-none-eabi/10.3.1/thumb/v6-m/nofp\libgcc.a(divsf3.o)
                0x000000000800088c                __aeabi_fdiv
 .text          0x0000000008000abc       0x4c c:/program files/stm32cubeide_1.11.0/stm32cubeide/plugins/com.st.stm32cube.ide.mcu.externaltools.gnu-tools-for-stm32.10.3-2021.10.win32_1.0.100.202210260954/tools/bin/../lib/gcc/arm-none-eabi/10.3.1/thumb/v6-m/nofp\libgcc.a(eqsf2.o)
                0x0000000008000abc                __eqsf2
                0x0000000008000abc                __nesf2
 .text          0x0000000008000b08       0x8c c:/program files/stm32cubeide_1.11.0/stm32cubeide/plugins/com.st.stm32cube.ide.mcu.externaltools.gnu-tools-for-stm32.10.3-2021.10.win32_1.0.100.202210260954/tools/bin/../lib/gcc/arm-none-eabi/10.3.1/thumb/v6-m/nofp\libgcc.a(gesf2.o)
                0x0000000008000b08                __gesf2
                0x0000000008000b08                __gtsf2
 .text          0x0000000008000b94       0x88 c:/program files/stm32cubeide_1.11.0/stm32cubeide/plugins/com.st.stm32cube.ide.mcu.externaltools.gnu-tools-for-stm32.10.3-2021.10.win32_1.0.100.202210260954/tools/bin/../lib/gcc/arm-none-eabi/10.3.1/thumb/v6-m/nofp\libgcc.a(lesf2.o)
                0x0000000008000b94                __ltsf2
                0x0000000008000b94                __lesf2
 .text          0x0000000008000c1c      0x24c c:/program files/stm32cubeide_1.11.0/stm32cubeide/plugins/com.st.stm32cube.ide.mcu.externaltools.gnu-tools-for-stm32.10.3-2021.10.win32_1.0.100.202210260954/tools/bin/../lib/gcc/arm-none-eabi/10.3.1/thumb/v6-m/nofp\libgcc.a(mulsf3.o)
                0x0000000008000c1c                __aeabi_fmul
 .text          0x0000000008000e68      0x35c c:/program files/stm32cubeide_1.11.0/stm32cubeide/plugins/com.st.stm32cube.ide.mcu.externaltools.gnu-tools-for-stm32.10.3-2021.10.win32_1.0.100.202210260954/tools/bin/../lib/gcc/arm-none-eabi/10.3.1/thumb/v6-m/nofp\libgcc.a(subsf3.o)
                0x0000000008000e68                __aeabi_fsub
 .text          0x00000000080011c4       0x2c c:/program files/stm32cubeide_1.11.0/stm32cubeide/plugins/com.st.stm32cube.ide.mcu.externaltools.gnu-tools-for-stm32.10.3-2021.10.win32_1.0.100.202210260954/tools/bin/../lib/gcc/arm-none-eabi/10.3.1/thumb/v6-m/nofp\libgcc.a(unordsf2.o)
                0x00000000080011c4                __aeabi_fcmpun
 .text          0x00000000080011f0       0x40 c:/program files/stm32cubeide_1.11.0/stm32cubeide/plugins/com.st.stm32cube.ide.mcu.externaltools.gnu-tools-for-stm32.10.3-2021.10.win32_1.0.100.202210260954/tools/bin/../lib/gcc/arm-none-eabi/10.3.1/thumb/v6-m/nofp\libgcc.a(fixsfsi.o)
                0x00000000080011f0                __aeabi_f2iz
 .text          0x0000000008001230       0x9c c:/program files/stm32cubeide_1.11.0/stm32cubeide/plugins/com.st.stm32cube.ide.mcu.externaltools.gnu-tools-for-stm32.10.3-2021.10.win32_1.0.100.202210260954/tools/bin/../lib/gcc/arm-none-eabi/10.3.1/thumb/v6-m/nofp\libgcc.a(floatsisf.o)
                0x0000000008001230                __aeabi_i2f
 .text          0x00000000080012cc       0x84 c:/program files/stm32cubeide_1.11.0/stm32cubeide/plugins/com.st.stm32cube.ide.mcu.externaltools.gnu-tools-for-stm32.10.3-2021.10.win32_1.0.100.202210260954/tools/bin/../lib/gcc/arm-none-eabi/10.3.1/thumb/v6-m/nofp\libgcc.a(floatunsisf.o)
                0x00000000080012cc                __aeabi_ui2f
 .text          0x0000000008001350      0x678 c:/program files/stm32cubeide_1.11.0/stm32cubeide/plugins/com.st.stm32cube.ide.mcu.externaltools.gnu-tools-for-stm32.10.3-2021.10.win32_1.0.100.202210260954/tools/bin/../lib/gcc/arm-none-eabi/10.3.1/thumb/v6-m/nofp\libgcc.a(adddf3.o)
                0x0000000008001350                __aeabi_dadd
 .text          0x00000000080019c8      0x5ec c:/program files/stm32cubeide_1.11.0/stm32cubeide/plugins/com.st.stm32cube.ide.mcu.externaltools.gnu-tools-for-stm32.10.3-2021.10.win32_1.0.100.202210260954/tools/bin/../lib/gcc/arm-none-eabi/10.3.1/thumb/v6-m/nofp\libgcc.a(divdf3.o)
                0x00000000080019c8                __aeabi_ddiv
 .text          0x0000000008001fb4       0x84 c:/program files/stm32cubeide_1.11.0/stm32cubeide/plugins/com.st.stm32cube.ide.mcu.externaltools.gnu-tools-for-stm32.10.3-2021.10.win32_1.0.100.202210260954/tools/bin/../lib/gcc/arm-none-eabi/10.3.1/thumb/v6-m/nofp\libgcc.a(eqdf2.o)
                0x0000000008001fb4                __nedf2
                0x0000000008001fb4                __eqdf2
 .text          0x0000000008002038       0xcc c:/program files/stm32cubeide_1.11.0/stm32cubeide/plugins/com.st.stm32cube.ide.mcu.externaltools.gnu-tools-for-stm32.10.3-2021.10.win32_1.0.100.202210260954/tools/bin/../lib/gcc/arm-none-eabi/10.3.1/thumb/v6-m/nofp\libgcc.a(gedf2.o)
                0x0000000008002038                __gedf2
                0x0000000008002038                __gtdf2
 .text          0x0000000008002104       0xc8 c:/program files/stm32cubeide_1.11.0/stm32cubeide/plugins/com.st.stm32cube.ide.mcu.externaltools.gnu-tools-for-stm32.10.3-2021.10.win32_1.0.100.202210260954/tools/bin/../lib/gcc/arm-none-eabi/10.3.1/thumb/v6-m/nofp\libgcc.a(ledf2.o)
                0x0000000008002104                __ledf2
                0x0000000008002104                __ltdf2
 .text          0x00000000080021cc      0x4d8 c:/program files/stm32cubeide_1.11.0/stm32cubeide/plugins/com.st.stm32cube.ide.mcu.externaltools.gnu-tools-for-stm32.10.3-2021.10.win32_1.0.100.202210260954/tools/bin/../lib/gcc/arm-none-eabi/10.3.1/thumb/v6-m/nofp\libgcc.a(muldf3.o)
                0x00000000080021cc                __aeabi_dmul
 .text          0x00000000080026a4      0x724 c:/program files/stm32cubeide_1.11.0/stm32cubeide/plugins/com.st.stm32cube.ide.mcu.externaltools.gnu-tools-for-stm32.10.3-2021.10.win32_1.0.100.202210260954/tools/bin/../lib/gcc/arm-none-eabi/10.3.1/thumb/v6-m/nofp\libgcc.a(subdf3.o)
                0x00000000080026a4                __aeabi_dsub
 .text          0x0000000008002dc8       0x3c c:/program files/stm32cubeide_1.11.0/stm32cubeide/plugins/com.st.stm32cube.ide.mcu.externaltools.gnu-tools-for-stm32.10.3-2021.10.win32_1.0.100.202210260954/tools/bin/../lib/gcc/arm-none-eabi/10.3.1/thumb/v6-m/nofp\libgcc.a(unorddf2.o)
                0x0000000008002dc8                __aeabi_dcmpun
 .text          0x0000000008002e04       0x6c c:/program files/stm32cubeide_1.11.0/stm32cubeide/plugins/com.st.stm32cube.ide.mcu.externaltools.gnu-tools-for-stm32.10.3-2021.10.win32_1.0.100.202210260954/tools/bin/../lib/gcc/arm-none-eabi/10.3.1/thumb/v6-m/nofp\libgcc.a(fixdfsi.o)
                0x0000000008002e04                __aeabi_d2iz
 .text          0x0000000008002e70       0x60 c:/program files/stm32cubeide_1.11.0/stm32cubeide/plugins/com.st.stm32cube.ide.mcu.externaltools.gnu-tools-for-stm32.10.3-2021.10.win32_1.0.100.202210260954/tools/bin/../lib/gcc/arm-none-eabi/10.3.1/thumb/v6-m/nofp\libgcc.a(floatsidf.o)
                0x0000000008002e70                __aeabi_i2d
 .text          0x0000000008002ed0       0x4c c:/program files/stm32cubeide_1.11.0/stm32cubeide/plugins/com.st.stm32cube.ide.mcu.externaltools.gnu-tools-for-stm32.10.3-2021.10.win32_1.0.100.202210260954/tools/bin/../lib/gcc/arm-none-eabi/10.3.1/thumb/v6-m/nofp\libgcc.a(floatunsidf.o)
                0x0000000008002ed0                __aeabi_ui2d
 .text          0x0000000008002f1c       0x90 c:/program files/stm32cubeide_1.11.0/stm32cubeide/plugins/com.st.stm32cube.ide.mcu.externaltools.gnu-tools-for-stm32.10.3-2021.10.win32_1.0.100.202210260954/tools/bin/../lib/gcc/arm-none-eabi/10.3.1/thumb/v6-m/nofp\libgcc.a(extendsfdf2.o)
                0x0000000008002f1c                __aeabi_f2d
 .text          0x0000000008002fac      0x110 c:/program files/stm32cubeide_1.11.0/stm32cubeide/plugins/com.st.stm32cube.ide.mcu.externaltools.gnu-tools-for-stm32.10.3-2021.10.win32_1.0.100.202210260954/tools/bin/../lib/gcc/arm-none-eabi/10.3.1/thumb/v6-m/nofp\libgcc.a(truncdfsf2.o)
                0x0000000008002fac                __aeabi_d2f
 .text          0x00000000080030bc       0x3c c:/program files/stm32cubeide_1.11.0/stm32cubeide/plugins/com.st.stm32cube.ide.mcu.externaltools.gnu-tools-for-stm32.10.3-2021.10.win32_1.0.100.202210260954/tools/bin/../lib/gcc/arm-none-eabi/10.3.1/thumb/v6-m/nofp\libgcc.a(_clzsi2.o)
                0x00000000080030bc                __clzsi2
 *(.text*)
 .text._ZN6I2Cdev7readBitEhhhPhtPv
                0x00000000080030f8       0x70 ./Core/MPU6050/I2Cdev.o
                0x00000000080030f8                I2Cdev::readBit(unsigned char, unsigned char, unsigned char, unsigned char*, unsigned short, void*)
 .text._ZN6I2Cdev8readByteEhhPhtPv
                0x0000000008003168       0x46 ./Core/MPU6050/I2Cdev.o
                0x0000000008003168                I2Cdev::readByte(unsigned char, unsigned char, unsigned char*, unsigned short, void*)
 *fill*         0x00000000080031ae        0x2 
 .text._ZN6I2Cdev9readBytesEhhhPhtPv
                0x00000000080031b0       0x70 ./Core/MPU6050/I2Cdev.o
                0x00000000080031b0                I2Cdev::readBytes(unsigned char, unsigned char, unsigned char, unsigned char*, unsigned short, void*)
 .text._ZN6I2Cdev8writeBitEhhhhPv
                0x0000000008003220       0xa8 ./Core/MPU6050/I2Cdev.o
                0x0000000008003220                I2Cdev::writeBit(unsigned char, unsigned char, unsigned char, unsigned char, void*)
 .text._ZN6I2Cdev9writeBitsEhhhhhPv
                0x00000000080032c8       0xe4 ./Core/MPU6050/I2Cdev.o
                0x00000000080032c8                I2Cdev::writeBits(unsigned char, unsigned char, unsigned char, unsigned char, unsigned char, void*)
 .text._ZN6I2Cdev9writeByteEhhhPv
                0x00000000080033ac       0x40 ./Core/MPU6050/I2Cdev.o
                0x00000000080033ac                I2Cdev::writeByte(unsigned char, unsigned char, unsigned char, void*)
 .text._ZN6I2Cdev10writeBytesEhhhPhPv
                0x00000000080033ec       0x68 ./Core/MPU6050/I2Cdev.o
                0x00000000080033ec                I2Cdev::writeBytes(unsigned char, unsigned char, unsigned char, unsigned char*, void*)
 .text._ZN12MPU6050_BaseC2EhPv
                0x0000000008003454       0x34 ./Core/MPU6050/MPU6050.o
                0x0000000008003454                MPU6050_Base::MPU6050_Base(unsigned char, void*)
                0x0000000008003454                MPU6050_Base::MPU6050_Base(unsigned char, void*)
 .text._ZN12MPU6050_Base10initializeEv
                0x0000000008003488       0x38 ./Core/MPU6050/MPU6050.o
                0x0000000008003488                MPU6050_Base::initialize()
 .text._ZN12MPU6050_Base22setFullScaleAccelRangeEh
                0x00000000080034c0       0x30 ./Core/MPU6050/MPU6050.o
                0x00000000080034c0                MPU6050_Base::setFullScaleAccelRange(unsigned char)
 .text._ZN12MPU6050_Base15setSleepEnabledEb
                0x00000000080034f0       0x2e ./Core/MPU6050/MPU6050.o
                0x00000000080034f0                MPU6050_Base::setSleepEnabled(bool)
 .text._ZN12MPU6050_Base13setMemoryBankEhbb
                0x000000000800351e       0x70 ./Core/MPU6050/MPU6050.o
                0x000000000800351e                MPU6050_Base::setMemoryBank(unsigned char, bool, bool)
 .text._ZN12MPU6050_Base21setMemoryStartAddressEh
                0x000000000800358e       0x2a ./Core/MPU6050/MPU6050.o
                0x000000000800358e                MPU6050_Base::setMemoryStartAddress(unsigned char)
 .text._ZN12MPU6050_Base15setSlaveAddressEhh
                0x00000000080035b8       0x4c ./Core/MPU6050/MPU6050.o
                0x00000000080035b8                MPU6050_Base::setSlaveAddress(unsigned char, unsigned char)
 .text._ZN12MPU6050_Base23setI2CMasterModeEnabledEb
                0x0000000008003604       0x2e ./Core/MPU6050/MPU6050.o
                0x0000000008003604                MPU6050_Base::setI2CMasterModeEnabled(bool)
 .text._ZN12MPU6050_Base14resetI2CMasterEv
                0x0000000008003632       0x24 ./Core/MPU6050/MPU6050.o
                0x0000000008003632                MPU6050_Base::resetI2CMaster()
 .text._ZN12MPU6050_Base14setClockSourceEh
                0x0000000008003656       0x30 ./Core/MPU6050/MPU6050.o
                0x0000000008003656                MPU6050_Base::setClockSource(unsigned char)
 .text._ZN12MPU6050_Base13setIntEnabledEh
                0x0000000008003686       0x2a ./Core/MPU6050/MPU6050.o
                0x0000000008003686                MPU6050_Base::setIntEnabled(unsigned char)
 .text._ZN12MPU6050_Base7setRateEh
                0x00000000080036b0       0x2a ./Core/MPU6050/MPU6050.o
                0x00000000080036b0                MPU6050_Base::setRate(unsigned char)
 .text._ZN12MPU6050_Base20setExternalFrameSyncEh
                0x00000000080036da       0x30 ./Core/MPU6050/MPU6050.o
                0x00000000080036da                MPU6050_Base::setExternalFrameSync(unsigned char)
 .text._ZN12MPU6050_Base11setDLPFModeEh
                0x000000000800370a       0x30 ./Core/MPU6050/MPU6050.o
                0x000000000800370a                MPU6050_Base::setDLPFMode(unsigned char)
 .text._ZN12MPU6050_Base21setFullScaleGyroRangeEh
                0x000000000800373a       0x30 ./Core/MPU6050/MPU6050.o
                0x000000000800373a                MPU6050_Base::setFullScaleGyroRange(unsigned char)
 .text._ZN12MPU6050_Base20writeProgMemoryBlockEPKhthhb
                0x000000000800376a       0x46 ./Core/MPU6050/MPU6050.o
                0x000000000800376a                MPU6050_Base::writeProgMemoryBlock(unsigned char const*, unsigned short, unsigned char, unsigned char, bool)
 .text._ZN12MPU6050_Base16writeMemoryBlockEPKhthhbb
                0x00000000080037b0      0x1be ./Core/MPU6050/MPU6050.o
                0x00000000080037b0                MPU6050_Base::writeMemoryBlock(unsigned char const*, unsigned short, unsigned char, unsigned char, bool, bool)
 .text._ZN12MPU6050_Base13setDMPConfig1Eh
                0x000000000800396e       0x2a ./Core/MPU6050/MPU6050.o
                0x000000000800396e                MPU6050_Base::setDMPConfig1(unsigned char)
 .text._ZN12MPU6050_Base13setDMPConfig2Eh
                0x0000000008003998       0x2a ./Core/MPU6050/MPU6050.o
                0x0000000008003998                MPU6050_Base::setDMPConfig2(unsigned char)
 .text._ZN12MPU6050_Base15setOTPBankValidEb
                0x00000000080039c2       0x2e ./Core/MPU6050/MPU6050.o
                0x00000000080039c2                MPU6050_Base::setOTPBankValid(bool)
 .text._ZN12MPU6050_Base27setMotionDetectionThresholdEh
                0x00000000080039f0       0x2a ./Core/MPU6050/MPU6050.o
                0x00000000080039f0                MPU6050_Base::setMotionDetectionThreshold(unsigned char)
 .text._ZN12MPU6050_Base31setZeroMotionDetectionThresholdEh
                0x0000000008003a1a       0x2a ./Core/MPU6050/MPU6050.o
                0x0000000008003a1a                MPU6050_Base::setZeroMotionDetectionThreshold(unsigned char)
 .text._ZN12MPU6050_Base26setMotionDetectionDurationEh
                0x0000000008003a44       0x2a ./Core/MPU6050/MPU6050.o
                0x0000000008003a44                MPU6050_Base::setMotionDetectionDuration(unsigned char)
 .text._ZN12MPU6050_Base30setZeroMotionDetectionDurationEh
                0x0000000008003a6e       0x2a ./Core/MPU6050/MPU6050.o
                0x0000000008003a6e                MPU6050_Base::setZeroMotionDetectionDuration(unsigned char)
 .text._ZN12MPU6050_Base14setFIFOEnabledEb
                0x0000000008003a98       0x2e ./Core/MPU6050/MPU6050.o
                0x0000000008003a98                MPU6050_Base::setFIFOEnabled(bool)
 .text._ZN12MPU6050_Base13setDMPEnabledEb
                0x0000000008003ac6       0x2e ./Core/MPU6050/MPU6050.o
                0x0000000008003ac6                MPU6050_Base::setDMPEnabled(bool)
 .text._ZN12MPU6050_Base9resetFIFOEv
                0x0000000008003af4       0x24 ./Core/MPU6050/MPU6050.o
                0x0000000008003af4                MPU6050_Base::resetFIFO()
 .text._ZN12MPU6050_Base8resetDMPEv
                0x0000000008003b18       0x24 ./Core/MPU6050/MPU6050.o
                0x0000000008003b18                MPU6050_Base::resetDMP()
 .text._ZN12MPU6050_Base5resetEv
                0x0000000008003b3c       0x24 ./Core/MPU6050/MPU6050.o
                0x0000000008003b3c                MPU6050_Base::reset()
 .text._ZN12MPU6050_Base12getIntStatusEv
                0x0000000008003b60       0x34 ./Core/MPU6050/MPU6050.o
                0x0000000008003b60                MPU6050_Base::getIntStatus()
 .text._ZN12MPU6050_Base14getFIFOTimeoutEv
                0x0000000008003b94       0x14 ./Core/MPU6050/MPU6050.o
                0x0000000008003b94                MPU6050_Base::getFIFOTimeout()
 .text._ZN12MPU6050_Base12getFIFOCountEv
                0x0000000008003ba8       0x48 ./Core/MPU6050/MPU6050.o
                0x0000000008003ba8                MPU6050_Base::getFIFOCount()
 .text._ZN12MPU6050_Base20GetCurrentFIFOPacketEPhh
                0x0000000008003bf0      0x1ac ./Core/MPU6050/MPU6050.o
                0x0000000008003bf0                MPU6050_Base::GetCurrentFIFOPacket(unsigned char*, unsigned char)
 .text._ZN12MPU6050_Base12getFIFOBytesEPhh
                0x0000000008003d9c       0x4c ./Core/MPU6050/MPU6050.o
                0x0000000008003d9c                MPU6050_Base::getFIFOBytes(unsigned char*, unsigned char)
 .text._ZN12MPU6050_Base15getOTPBankValidEv
                0x0000000008003de8       0x38 ./Core/MPU6050/MPU6050.o
                0x0000000008003de8                MPU6050_Base::getOTPBankValid()
 .text._ZSt5atan2ff
                0x0000000008003e20       0x20 ./Core/MPU6050/MPU6050_6Axis_MotionApps20.o
                0x0000000008003e20                std::atan2(float, float)
 .text._ZSt4sqrtf
                0x0000000008003e40       0x1a ./Core/MPU6050/MPU6050_6Axis_MotionApps20.o
                0x0000000008003e40                std::sqrt(float)
 *fill*         0x0000000008003e5a        0x2 
 .text._ZN26MPU6050_6Axis_MotionApps2013dmpInitializeEv
                0x0000000008003e5c      0x188 ./Core/MPU6050/MPU6050_6Axis_MotionApps20.o
                0x0000000008003e5c                MPU6050_6Axis_MotionApps20::dmpInitialize()
 .text._ZN26MPU6050_6Axis_MotionApps2023dmpGetCurrentFIFOPacketEPh
                0x0000000008003fe4       0x26 ./Core/MPU6050/MPU6050_6Axis_MotionApps20.o
                0x0000000008003fe4                MPU6050_6Axis_MotionApps20::dmpGetCurrentFIFOPacket(unsigned char*)
 .text._ZN26MPU6050_6Axis_MotionApps2016dmpGetQuaternionEPsPKh
                0x000000000800400a       0x8e ./Core/MPU6050/MPU6050_6Axis_MotionApps20.o
                0x000000000800400a                MPU6050_6Axis_MotionApps20::dmpGetQuaternion(short*, unsigned char const*)
 .text._ZN26MPU6050_6Axis_MotionApps2016dmpGetQuaternionEP10QuaternionPKh
                0x0000000008004098       0xbc ./Core/MPU6050/MPU6050_6Axis_MotionApps20.o
                0x0000000008004098                MPU6050_6Axis_MotionApps20::dmpGetQuaternion(Quaternion*, unsigned char const*)
 .text._ZN26MPU6050_6Axis_MotionApps2013dmpGetGravityEP11VectorFloatP10Quaternion
                0x0000000008004154      0x108 ./Core/MPU6050/MPU6050_6Axis_MotionApps20.o
                0x0000000008004154                MPU6050_6Axis_MotionApps20::dmpGetGravity(VectorFloat*, Quaternion*)
 .text._ZN26MPU6050_6Axis_MotionApps2018dmpGetYawPitchRollEPfP10QuaternionP11VectorFloat
                0x000000000800425c      0x1b0 ./Core/MPU6050/MPU6050_6Axis_MotionApps20.o
                0x000000000800425c                MPU6050_6Axis_MotionApps20::dmpGetYawPitchRoll(float*, Quaternion*, VectorFloat*)
 .text.ARGB_Init
                0x000000000800440c       0xe8 ./Core/Src/ARGB.o
                0x000000000800440c                ARGB_Init
 .text.ARGB_Clear
                0x00000000080044f4       0x14 ./Core/Src/ARGB.o
                0x00000000080044f4                ARGB_Clear
 .text.ARGB_SetRGB
                0x0000000008004508      0x158 ./Core/Src/ARGB.o
                0x0000000008004508                ARGB_SetRGB
 .text.ARGB_SetHSV
                0x0000000008004660       0x68 ./Core/Src/ARGB.o
                0x0000000008004660                ARGB_SetHSV
 .text.ARGB_FillRGB
                0x00000000080046c8       0x66 ./Core/Src/ARGB.o
                0x00000000080046c8                ARGB_FillRGB
 *fill*         0x000000000800472e        0x2 
 .text.ARGB_Show
                0x0000000008004730      0x344 ./Core/Src/ARGB.o
                0x0000000008004730                ARGB_Show
 .text.scale8   0x0000000008004a74       0x28 ./Core/Src/ARGB.o
 .text.HSV2RGB  0x0000000008004a9c      0x274 ./Core/Src/ARGB.o
 .text.ARGB_TIM_DMADelayPulseCplt
                0x0000000008004d10      0x310 ./Core/Src/ARGB.o
 .text.ARGB_TIM_DMADelayPulseHalfCplt
                0x0000000008005020      0x1a8 ./Core/Src/ARGB.o
 .text.main     0x00000000080051c8       0x44 ./Core/Src/main.o
                0x00000000080051c8                main
 .text.SystemClock_Config
                0x000000000800520c       0xc0 ./Core/Src/main.o
                0x000000000800520c                SystemClock_Config
 .text.MX_ADC_Init
                0x00000000080052cc       0xb4 ./Core/Src/main.o
 .text.MX_I2C1_Init
                0x0000000008005380       0x80 ./Core/Src/main.o
 .text.MX_TIM2_Init
                0x0000000008005400       0xa8 ./Core/Src/main.o
 .text.MX_TIM3_Init
                0x00000000080054a8      0x100 ./Core/Src/main.o
 .text.MX_DMA_Init
                0x00000000080055a8       0x4c ./Core/Src/main.o
 .text.MX_GPIO_Init
                0x00000000080055f4      0x134 ./Core/Src/main.o
 .text.Error_Handler
                0x0000000008005728        0xa ./Core/Src/main.o
                0x0000000008005728                Error_Handler
 *fill*         0x0000000008005732        0x2 
 .text.HAL_MspInit
                0x0000000008005734       0x48 ./Core/Src/stm32f0xx_hal_msp.o
                0x0000000008005734                HAL_MspInit
 .text.HAL_ADC_MspInit
                0x000000000800577c       0xe4 ./Core/Src/stm32f0xx_hal_msp.o
                0x000000000800577c                HAL_ADC_MspInit
 .text.HAL_I2C_MspInit
                0x0000000008005860       0x9c ./Core/Src/stm32f0xx_hal_msp.o
                0x0000000008005860                HAL_I2C_MspInit
 .text.HAL_TIM_Base_MspInit
                0x00000000080058fc       0xc8 ./Core/Src/stm32f0xx_hal_msp.o
                0x00000000080058fc                HAL_TIM_Base_MspInit
 .text.HAL_TIM_MspPostInit
                0x00000000080059c4       0x80 ./Core/Src/stm32f0xx_hal_msp.o
                0x00000000080059c4                HAL_TIM_MspPostInit
 .text.NMI_Handler
                0x0000000008005a44        0x6 ./Core/Src/stm32f0xx_it.o
                0x0000000008005a44                NMI_Handler
 .text.HardFault_Handler
                0x0000000008005a4a        0x6 ./Core/Src/stm32f0xx_it.o
                0x0000000008005a4a                HardFault_Handler
 .text.SVC_Handler
                0x0000000008005a50        0xa ./Core/Src/stm32f0xx_it.o
                0x0000000008005a50                SVC_Handler
 .text.PendSV_Handler
                0x0000000008005a5a        0xa ./Core/Src/stm32f0xx_it.o
                0x0000000008005a5a                PendSV_Handler
 .text.SysTick_Handler
                0x0000000008005a64        0xe ./Core/Src/stm32f0xx_it.o
                0x0000000008005a64                SysTick_Handler
 .text.EXTI4_15_IRQHandler
                0x0000000008005a72       0x10 ./Core/Src/stm32f0xx_it.o
                0x0000000008005a72                EXTI4_15_IRQHandler
 *fill*         0x0000000008005a82        0x2 
 .text.DMA1_Channel1_IRQHandler
                0x0000000008005a84       0x18 ./Core/Src/stm32f0xx_it.o
                0x0000000008005a84                DMA1_Channel1_IRQHandler
 .text.DMA1_Channel2_3_IRQHandler
                0x0000000008005a9c       0x18 ./Core/Src/stm32f0xx_it.o
                0x0000000008005a9c                DMA1_Channel2_3_IRQHandler
 .text.TIM2_IRQHandler
                0x0000000008005ab4       0x18 ./Core/Src/stm32f0xx_it.o
                0x0000000008005ab4                TIM2_IRQHandler
 .text.constrain
                0x0000000008005acc       0x2e ./Core/Src/support.o
                0x0000000008005acc                constrain
 .text.SystemInit
                0x0000000008005afa        0xa ./Core/Src/system_stm32f0xx.o
                0x0000000008005afa                SystemInit
 .text._ZN10QuaternionC2Ev
                0x0000000008005b04       0x2c ./Core/Src/work.o
                0x0000000008005b04                Quaternion::Quaternion()
                0x0000000008005b04                Quaternion::Quaternion()
 .text._ZN11VectorFloatC2Ev
                0x0000000008005b30       0x24 ./Core/Src/work.o
                0x0000000008005b30                VectorFloat::VectorFloat()
                0x0000000008005b30                VectorFloat::VectorFloat()
 .text._ZN26MPU6050_6Axis_MotionApps20C2EhPv
                0x0000000008005b54       0x2a ./Core/Src/work.o
                0x0000000008005b54                MPU6050_6Axis_MotionApps20::MPU6050_6Axis_MotionApps20(unsigned char, void*)
                0x0000000008005b54                MPU6050_6Axis_MotionApps20::MPU6050_6Axis_MotionApps20(unsigned char, void*)
 *fill*         0x0000000008005b7e        0x2 
 .text.doWork   0x0000000008005b80       0x44 ./Core/Src/work.o
                0x0000000008005b80                doWork
 .text.startMoveAndLed
                0x0000000008005bc4      0x210 ./Core/Src/work.o
                0x0000000008005bc4                startMoveAndLed
 .text._Z10fixDegreesf
                0x0000000008005dd4       0x30 ./Core/Src/work.o
                0x0000000008005dd4                fixDegrees(float)
 .text._Z17setRandomPozitionv
                0x0000000008005e04       0x70 ./Core/Src/work.o
                0x0000000008005e04                setRandomPozition()
 .text.Work     0x0000000008005e74      0x2b4 ./Core/Src/work.o
                0x0000000008005e74                Work
 .text.HAL_GPIO_EXTI_Callback
                0x0000000008006128       0x20 ./Core/Src/work.o
                0x0000000008006128                HAL_GPIO_EXTI_Callback
 .text.HAL_TIM_PeriodElapsedCallback
                0x0000000008006148       0x8c ./Core/Src/work.o
                0x0000000008006148                HAL_TIM_PeriodElapsedCallback
 .text._ZSt4fmodImdEN9__gnu_cxx11__promote_2IT_T0_NS0_9__promoteIS2_XsrSt12__is_integerIS2_E7__valueEE6__typeENS4_IS3_XsrS5_IS3_E7__valueEE6__typeEE6__typeES2_S3_
                0x00000000080061d4       0x28 ./Core/Src/work.o
                0x00000000080061d4                __gnu_cxx::__promote_2<unsigned long, double, __gnu_cxx::__promote<unsigned long, std::__is_integer<unsigned long>::__value>::__type, __gnu_cxx::__promote<double, std::__is_integer<double>::__value>::__type>::__type std::fmod<unsigned long, double>(unsigned long, double)
 .text._Z41__static_initialization_and_destruction_0ii
                0x00000000080061fc       0x4c ./Core/Src/work.o
 .text._GLOBAL__sub_I_flag
                0x0000000008006248       0x18 ./Core/Src/work.o
 .text.Reset_Handler
                0x0000000008006260       0x50 ./Core/Startup/startup_stm32f072c8ux.o
                0x0000000008006260                Reset_Handler
 .text.Default_Handler
                0x00000000080062b0        0x2 ./Core/Startup/startup_stm32f072c8ux.o
                0x00000000080062b0                TIM1_CC_IRQHandler
                0x00000000080062b0                TSC_IRQHandler
                0x00000000080062b0                ADC1_COMP_IRQHandler
                0x00000000080062b0                I2C1_IRQHandler
                0x00000000080062b0                RCC_CRS_IRQHandler
                0x00000000080062b0                SPI1_IRQHandler
                0x00000000080062b0                TIM6_DAC_IRQHandler
                0x00000000080062b0                USART3_4_IRQHandler
                0x00000000080062b0                EXTI2_3_IRQHandler
                0x00000000080062b0                I2C2_IRQHandler
                0x00000000080062b0                TIM17_IRQHandler
                0x00000000080062b0                CEC_CAN_IRQHandler
                0x00000000080062b0                RTC_IRQHandler
                0x00000000080062b0                PVD_VDDIO2_IRQHandler
                0x00000000080062b0                DMA1_Channel4_5_6_7_IRQHandler
                0x00000000080062b0                TIM16_IRQHandler
                0x00000000080062b0                TIM3_IRQHandler
                0x00000000080062b0                Default_Handler
                0x00000000080062b0                TIM14_IRQHandler
                0x00000000080062b0                TIM7_IRQHandler
                0x00000000080062b0                TIM15_IRQHandler
                0x00000000080062b0                EXTI0_1_IRQHandler
                0x00000000080062b0                USB_IRQHandler
                0x00000000080062b0                SPI2_IRQHandler
                0x00000000080062b0                WWDG_IRQHandler
                0x00000000080062b0                USART2_IRQHandler
                0x00000000080062b0                FLASH_IRQHandler
                0x00000000080062b0                USART1_IRQHandler
                0x00000000080062b0                TIM1_BRK_UP_TRG_COM_IRQHandler
 *fill*         0x00000000080062b2        0x2 
 .text.HAL_Init
                0x00000000080062b4       0x28 ./Drivers/STM32F0xx_HAL_Driver/Src/stm32f0xx_hal.o
                0x00000000080062b4                HAL_Init
 .text.HAL_InitTick
                0x00000000080062dc       0x68 ./Drivers/STM32F0xx_HAL_Driver/Src/stm32f0xx_hal.o
                0x00000000080062dc                HAL_InitTick
 .text.HAL_IncTick
                0x0000000008006344       0x24 ./Drivers/STM32F0xx_HAL_Driver/Src/stm32f0xx_hal.o
                0x0000000008006344                HAL_IncTick
 .text.HAL_GetTick
                0x0000000008006368       0x14 ./Drivers/STM32F0xx_HAL_Driver/Src/stm32f0xx_hal.o
                0x0000000008006368                HAL_GetTick
 .text.HAL_Delay
                0x000000000800637c       0x48 ./Drivers/STM32F0xx_HAL_Driver/Src/stm32f0xx_hal.o
                0x000000000800637c                HAL_Delay
 .text.HAL_ADC_Init
                0x00000000080063c4      0x280 ./Drivers/STM32F0xx_HAL_Driver/Src/stm32f0xx_hal_adc.o
                0x00000000080063c4                HAL_ADC_Init
 .text.HAL_ADC_Start_DMA
                0x0000000008006644      0x104 ./Drivers/STM32F0xx_HAL_Driver/Src/stm32f0xx_hal_adc.o
                0x0000000008006644                HAL_ADC_Start_DMA
 .text.HAL_ADC_ConvCpltCallback
                0x0000000008006748       0x10 ./Drivers/STM32F0xx_HAL_Driver/Src/stm32f0xx_hal_adc.o
                0x0000000008006748                HAL_ADC_ConvCpltCallback
 .text.HAL_ADC_ConvHalfCpltCallback
                0x0000000008006758       0x10 ./Drivers/STM32F0xx_HAL_Driver/Src/stm32f0xx_hal_adc.o
                0x0000000008006758                HAL_ADC_ConvHalfCpltCallback
 .text.HAL_ADC_ErrorCallback
                0x0000000008006768       0x10 ./Drivers/STM32F0xx_HAL_Driver/Src/stm32f0xx_hal_adc.o
                0x0000000008006768                HAL_ADC_ErrorCallback
 .text.HAL_ADC_ConfigChannel
                0x0000000008006778      0x21c ./Drivers/STM32F0xx_HAL_Driver/Src/stm32f0xx_hal_adc.o
                0x0000000008006778                HAL_ADC_ConfigChannel
 .text.ADC_Enable
                0x0000000008006994      0x108 ./Drivers/STM32F0xx_HAL_Driver/Src/stm32f0xx_hal_adc.o
 .text.ADC_DMAConvCplt
                0x0000000008006a9c       0xb4 ./Drivers/STM32F0xx_HAL_Driver/Src/stm32f0xx_hal_adc.o
 .text.ADC_DMAHalfConvCplt
                0x0000000008006b50       0x1e ./Drivers/STM32F0xx_HAL_Driver/Src/stm32f0xx_hal_adc.o
 .text.ADC_DMAError
                0x0000000008006b6e       0x36 ./Drivers/STM32F0xx_HAL_Driver/Src/stm32f0xx_hal_adc.o
 .text.__NVIC_EnableIRQ
                0x0000000008006ba4       0x34 ./Drivers/STM32F0xx_HAL_Driver/Src/stm32f0xx_hal_cortex.o
 .text.__NVIC_SetPriority
                0x0000000008006bd8       0xdc ./Drivers/STM32F0xx_HAL_Driver/Src/stm32f0xx_hal_cortex.o
 .text.SysTick_Config
                0x0000000008006cb4       0x48 ./Drivers/STM32F0xx_HAL_Driver/Src/stm32f0xx_hal_cortex.o
 .text.HAL_NVIC_SetPriority
                0x0000000008006cfc       0x2a ./Drivers/STM32F0xx_HAL_Driver/Src/stm32f0xx_hal_cortex.o
                0x0000000008006cfc                HAL_NVIC_SetPriority
 .text.HAL_NVIC_EnableIRQ
                0x0000000008006d26       0x20 ./Drivers/STM32F0xx_HAL_Driver/Src/stm32f0xx_hal_cortex.o
                0x0000000008006d26                HAL_NVIC_EnableIRQ
 .text.HAL_SYSTICK_Config
                0x0000000008006d46       0x1a ./Drivers/STM32F0xx_HAL_Driver/Src/stm32f0xx_hal_cortex.o
                0x0000000008006d46                HAL_SYSTICK_Config
 .text.HAL_DMA_Init
                0x0000000008006d60       0x90 ./Drivers/STM32F0xx_HAL_Driver/Src/stm32f0xx_hal_dma.o
                0x0000000008006d60                HAL_DMA_Init
 .text.HAL_DMA_Start_IT
                0x0000000008006df0       0xcc ./Drivers/STM32F0xx_HAL_Driver/Src/stm32f0xx_hal_dma.o
                0x0000000008006df0                HAL_DMA_Start_IT
 .text.HAL_DMA_Abort_IT
                0x0000000008006ebc       0x8a ./Drivers/STM32F0xx_HAL_Driver/Src/stm32f0xx_hal_dma.o
                0x0000000008006ebc                HAL_DMA_Abort_IT
 .text.HAL_DMA_IRQHandler
                0x0000000008006f46      0x144 ./Drivers/STM32F0xx_HAL_Driver/Src/stm32f0xx_hal_dma.o
                0x0000000008006f46                HAL_DMA_IRQHandler
 .text.DMA_SetConfig
                0x000000000800708a       0x58 ./Drivers/STM32F0xx_HAL_Driver/Src/stm32f0xx_hal_dma.o
 *fill*         0x00000000080070e2        0x2 
 .text.DMA_CalcBaseAndBitshift
                0x00000000080070e4       0x38 ./Drivers/STM32F0xx_HAL_Driver/Src/stm32f0xx_hal_dma.o
 .text.HAL_GPIO_Init
                0x000000000800711c      0x2f0 ./Drivers/STM32F0xx_HAL_Driver/Src/stm32f0xx_hal_gpio.o
                0x000000000800711c                HAL_GPIO_Init
 .text.HAL_GPIO_WritePin
                0x000000000800740c       0x3a ./Drivers/STM32F0xx_HAL_Driver/Src/stm32f0xx_hal_gpio.o
                0x000000000800740c                HAL_GPIO_WritePin
 .text.HAL_GPIO_TogglePin
                0x0000000008007446       0x36 ./Drivers/STM32F0xx_HAL_Driver/Src/stm32f0xx_hal_gpio.o
                0x0000000008007446                HAL_GPIO_TogglePin
 .text.HAL_GPIO_EXTI_IRQHandler
                0x000000000800747c       0x38 ./Drivers/STM32F0xx_HAL_Driver/Src/stm32f0xx_hal_gpio.o
                0x000000000800747c                HAL_GPIO_EXTI_IRQHandler
 .text.HAL_I2C_Init
                0x00000000080074b4      0x12c ./Drivers/STM32F0xx_HAL_Driver/Src/stm32f0xx_hal_i2c.o
                0x00000000080074b4                HAL_I2C_Init
 .text.HAL_I2C_Master_Transmit
                0x00000000080075e0      0x210 ./Drivers/STM32F0xx_HAL_Driver/Src/stm32f0xx_hal_i2c.o
                0x00000000080075e0                HAL_I2C_Master_Transmit
 .text.HAL_I2C_Master_Receive
                0x00000000080077f0      0x210 ./Drivers/STM32F0xx_HAL_Driver/Src/stm32f0xx_hal_i2c.o
                0x00000000080077f0                HAL_I2C_Master_Receive
 .text.HAL_I2C_Mem_Write
                0x0000000008007a00      0x25c ./Drivers/STM32F0xx_HAL_Driver/Src/stm32f0xx_hal_i2c.o
                0x0000000008007a00                HAL_I2C_Mem_Write
 .text.I2C_RequestMemoryWrite
                0x0000000008007c5c       0xc8 ./Drivers/STM32F0xx_HAL_Driver/Src/stm32f0xx_hal_i2c.o
 .text.I2C_Flush_TXDR
                0x0000000008007d24       0x44 ./Drivers/STM32F0xx_HAL_Driver/Src/stm32f0xx_hal_i2c.o
 .text.I2C_WaitOnFlagUntilTimeout
                0x0000000008007d68       0x9c ./Drivers/STM32F0xx_HAL_Driver/Src/stm32f0xx_hal_i2c.o
 .text.I2C_WaitOnTXISFlagUntilTimeout
                0x0000000008007e04       0x8c ./Drivers/STM32F0xx_HAL_Driver/Src/stm32f0xx_hal_i2c.o
 .text.I2C_WaitOnSTOPFlagUntilTimeout
                0x0000000008007e90       0x86 ./Drivers/STM32F0xx_HAL_Driver/Src/stm32f0xx_hal_i2c.o
 *fill*         0x0000000008007f16        0x2 
 .text.I2C_WaitOnRXNEFlagUntilTimeout
                0x0000000008007f18      0x104 ./Drivers/STM32F0xx_HAL_Driver/Src/stm32f0xx_hal_i2c.o
 .text.I2C_IsErrorOccurred
                0x000000000800801c      0x200 ./Drivers/STM32F0xx_HAL_Driver/Src/stm32f0xx_hal_i2c.o
 .text.I2C_TransferConfig
                0x000000000800821c       0x74 ./Drivers/STM32F0xx_HAL_Driver/Src/stm32f0xx_hal_i2c.o
 .text.HAL_I2CEx_ConfigAnalogFilter
                0x0000000008008290       0x98 ./Drivers/STM32F0xx_HAL_Driver/Src/stm32f0xx_hal_i2c_ex.o
                0x0000000008008290                HAL_I2CEx_ConfigAnalogFilter
 .text.HAL_I2CEx_ConfigDigitalFilter
                0x0000000008008328       0x98 ./Drivers/STM32F0xx_HAL_Driver/Src/stm32f0xx_hal_i2c_ex.o
                0x0000000008008328                HAL_I2CEx_ConfigDigitalFilter
 .text.HAL_RCC_OscConfig
                0x00000000080083c0      0x70c ./Drivers/STM32F0xx_HAL_Driver/Src/stm32f0xx_hal_rcc.o
                0x00000000080083c0                HAL_RCC_OscConfig
 .text.HAL_RCC_ClockConfig
                0x0000000008008acc      0x1b4 ./Drivers/STM32F0xx_HAL_Driver/Src/stm32f0xx_hal_rcc.o
                0x0000000008008acc                HAL_RCC_ClockConfig
 .text.HAL_RCC_GetSysClockFreq
                0x0000000008008c80       0xe8 ./Drivers/STM32F0xx_HAL_Driver/Src/stm32f0xx_hal_rcc.o
                0x0000000008008c80                HAL_RCC_GetSysClockFreq
 .text.HAL_RCC_GetHCLKFreq
                0x0000000008008d68       0x14 ./Drivers/STM32F0xx_HAL_Driver/Src/stm32f0xx_hal_rcc.o
                0x0000000008008d68                HAL_RCC_GetHCLKFreq
 .text.HAL_RCC_GetPCLK1Freq
                0x0000000008008d7c       0x2c ./Drivers/STM32F0xx_HAL_Driver/Src/stm32f0xx_hal_rcc.o
                0x0000000008008d7c                HAL_RCC_GetPCLK1Freq
 .text.HAL_RCCEx_PeriphCLKConfig
                0x0000000008008da8      0x1fc ./Drivers/STM32F0xx_HAL_Driver/Src/stm32f0xx_hal_rcc_ex.o
                0x0000000008008da8                HAL_RCCEx_PeriphCLKConfig
 .text.HAL_TIM_Base_Init
                0x0000000008008fa4       0xa0 ./Drivers/STM32F0xx_HAL_Driver/Src/stm32f0xx_hal_tim.o
                0x0000000008008fa4                HAL_TIM_Base_Init
 .text.HAL_TIM_Base_Start_IT
                0x0000000008009044       0xa4 ./Drivers/STM32F0xx_HAL_Driver/Src/stm32f0xx_hal_tim.o
                0x0000000008009044                HAL_TIM_Base_Start_IT
 .text.HAL_TIM_PWM_Init
                0x00000000080090e8       0xa0 ./Drivers/STM32F0xx_HAL_Driver/Src/stm32f0xx_hal_tim.o
                0x00000000080090e8                HAL_TIM_PWM_Init
 .text.HAL_TIM_PWM_MspInit
                0x0000000008009188       0x10 ./Drivers/STM32F0xx_HAL_Driver/Src/stm32f0xx_hal_tim.o
                0x0000000008009188                HAL_TIM_PWM_MspInit
 .text.HAL_TIM_IRQHandler
                0x0000000008009198      0x22c ./Drivers/STM32F0xx_HAL_Driver/Src/stm32f0xx_hal_tim.o
                0x0000000008009198                HAL_TIM_IRQHandler
 .text.HAL_TIM_PWM_ConfigChannel
                0x00000000080093c4      0x18c ./Drivers/STM32F0xx_HAL_Driver/Src/stm32f0xx_hal_tim.o
                0x00000000080093c4                HAL_TIM_PWM_ConfigChannel
 .text.HAL_TIM_ConfigClockSource
                0x0000000008009550      0x1a8 ./Drivers/STM32F0xx_HAL_Driver/Src/stm32f0xx_hal_tim.o
                0x0000000008009550                HAL_TIM_ConfigClockSource
 .text.HAL_TIM_OC_DelayElapsedCallback
                0x00000000080096f8       0x10 ./Drivers/STM32F0xx_HAL_Driver/Src/stm32f0xx_hal_tim.o
                0x00000000080096f8                HAL_TIM_OC_DelayElapsedCallback
 .text.HAL_TIM_IC_CaptureCallback
                0x0000000008009708       0x10 ./Drivers/STM32F0xx_HAL_Driver/Src/stm32f0xx_hal_tim.o
                0x0000000008009708                HAL_TIM_IC_CaptureCallback
 .text.HAL_TIM_PWM_PulseFinishedCallback
                0x0000000008009718       0x10 ./Drivers/STM32F0xx_HAL_Driver/Src/stm32f0xx_hal_tim.o
                0x0000000008009718                HAL_TIM_PWM_PulseFinishedCallback
 .text.HAL_TIM_TriggerCallback
                0x0000000008009728       0x10 ./Drivers/STM32F0xx_HAL_Driver/Src/stm32f0xx_hal_tim.o
                0x0000000008009728                HAL_TIM_TriggerCallback
 .text.HAL_TIM_ErrorCallback
                0x0000000008009738       0x10 ./Drivers/STM32F0xx_HAL_Driver/Src/stm32f0xx_hal_tim.o
                0x0000000008009738                HAL_TIM_ErrorCallback
 .text.TIM_DMAError
                0x0000000008009748       0x94 ./Drivers/STM32F0xx_HAL_Driver/Src/stm32f0xx_hal_tim.o
                0x0000000008009748                TIM_DMAError
 .text.TIM_Base_SetConfig
                0x00000000080097dc      0x100 ./Drivers/STM32F0xx_HAL_Driver/Src/stm32f0xx_hal_tim.o
                0x00000000080097dc                TIM_Base_SetConfig
 .text.TIM_OC1_SetConfig
                0x00000000080098dc      0x110 ./Drivers/STM32F0xx_HAL_Driver/Src/stm32f0xx_hal_tim.o
 .text.TIM_OC2_SetConfig
                0x00000000080099ec      0x108 ./Drivers/STM32F0xx_HAL_Driver/Src/stm32f0xx_hal_tim.o
                0x00000000080099ec                TIM_OC2_SetConfig
 .text.TIM_OC3_SetConfig
                0x0000000008009af4      0x10c ./Drivers/STM32F0xx_HAL_Driver/Src/stm32f0xx_hal_tim.o
 .text.TIM_OC4_SetConfig
                0x0000000008009c00       0xd4 ./Drivers/STM32F0xx_HAL_Driver/Src/stm32f0xx_hal_tim.o
 .text.TIM_TI1_ConfigInputStage
                0x0000000008009cd4       0x5c ./Drivers/STM32F0xx_HAL_Driver/Src/stm32f0xx_hal_tim.o
 .text.TIM_TI2_ConfigInputStage
                0x0000000008009d30       0x64 ./Drivers/STM32F0xx_HAL_Driver/Src/stm32f0xx_hal_tim.o
 .text.TIM_ITRx_SetConfig
                0x0000000008009d94       0x32 ./Drivers/STM32F0xx_HAL_Driver/Src/stm32f0xx_hal_tim.o
 *fill*         0x0000000008009dc6        0x2 
 .text.TIM_ETR_SetConfig
                0x0000000008009dc8       0x40 ./Drivers/STM32F0xx_HAL_Driver/Src/stm32f0xx_hal_tim.o
                0x0000000008009dc8                TIM_ETR_SetConfig
 .text.TIM_CCxChannelCmd
                0x0000000008009e08       0x46 ./Drivers/STM32F0xx_HAL_Driver/Src/stm32f0xx_hal_tim.o
                0x0000000008009e08                TIM_CCxChannelCmd
 *fill*         0x0000000008009e4e        0x2 
 .text.HAL_TIMEx_MasterConfigSynchronization
                0x0000000008009e50       0xbc ./Drivers/STM32F0xx_HAL_Driver/Src/stm32f0xx_hal_tim_ex.o
                0x0000000008009e50                HAL_TIMEx_MasterConfigSynchronization
 .text.HAL_TIMEx_CommutCallback
                0x0000000008009f0c       0x10 ./Drivers/STM32F0xx_HAL_Driver/Src/stm32f0xx_hal_tim_ex.o
                0x0000000008009f0c                HAL_TIMEx_CommutCallback
 .text.HAL_TIMEx_BreakCallback
                0x0000000008009f1c       0x10 ./Drivers/STM32F0xx_HAL_Driver/Src/stm32f0xx_hal_tim_ex.o
                0x0000000008009f1c                HAL_TIMEx_BreakCallback
 .text.floorf   0x0000000008009f2c       0x7c c:/program files/stm32cubeide_1.11.0/stm32cubeide/plugins/com.st.stm32cube.ide.mcu.externaltools.gnu-tools-for-stm32.10.3-2021.10.win32_1.0.100.202210260954/tools/bin/../lib/gcc/arm-none-eabi/10.3.1/../../../../arm-none-eabi/lib/thumb/v6-m/nofp\libm.a(lib_a-sf_floor.o)
                0x0000000008009f2c                floorf
 .text.fmod     0x0000000008009fa8       0x52 c:/program files/stm32cubeide_1.11.0/stm32cubeide/plugins/com.st.stm32cube.ide.mcu.externaltools.gnu-tools-for-stm32.10.3-2021.10.win32_1.0.100.202210260954/tools/bin/../lib/gcc/arm-none-eabi/10.3.1/../../../../arm-none-eabi/lib/thumb/v6-m/nofp\libm.a(lib_a-w_fmod.o)
                0x0000000008009fa8                fmod
 .text.atan2f   0x0000000008009ffa        0x8 c:/program files/stm32cubeide_1.11.0/stm32cubeide/plugins/com.st.stm32cube.ide.mcu.externaltools.gnu-tools-for-stm32.10.3-2021.10.win32_1.0.100.202210260954/tools/bin/../lib/gcc/arm-none-eabi/10.3.1/../../../../arm-none-eabi/lib/thumb/v6-m/nofp\libm.a(lib_a-wf_atan2.o)
                0x0000000008009ffa                atan2f
 .text.sqrtf    0x000000000800a002       0x38 c:/program files/stm32cubeide_1.11.0/stm32cubeide/plugins/com.st.stm32cube.ide.mcu.externaltools.gnu-tools-for-stm32.10.3-2021.10.win32_1.0.100.202210260954/tools/bin/../lib/gcc/arm-none-eabi/10.3.1/../../../../arm-none-eabi/lib/thumb/v6-m/nofp\libm.a(lib_a-wf_sqrt.o)
                0x000000000800a002                sqrtf
 *fill*         0x000000000800a03a        0x2 
 .text.__ieee754_fmod
                0x000000000800a03c      0x228 c:/program files/stm32cubeide_1.11.0/stm32cubeide/plugins/com.st.stm32cube.ide.mcu.externaltools.gnu-tools-for-stm32.10.3-2021.10.win32_1.0.100.202210260954/tools/bin/../lib/gcc/arm-none-eabi/10.3.1/../../../../arm-none-eabi/lib/thumb/v6-m/nofp\libm.a(lib_a-e_fmod.o)
                0x000000000800a03c                __ieee754_fmod
 .text.__ieee754_atan2f
                0x000000000800a264       0xf8 c:/program files/stm32cubeide_1.11.0/stm32cubeide/plugins/com.st.stm32cube.ide.mcu.externaltools.gnu-tools-for-stm32.10.3-2021.10.win32_1.0.100.202210260954/tools/bin/../lib/gcc/arm-none-eabi/10.3.1/../../../../arm-none-eabi/lib/thumb/v6-m/nofp\libm.a(lib_a-ef_atan2.o)
                0x000000000800a264                __ieee754_atan2f
 .text.__ieee754_sqrtf
                0x000000000800a35c       0xae c:/program files/stm32cubeide_1.11.0/stm32cubeide/plugins/com.st.stm32cube.ide.mcu.externaltools.gnu-tools-for-stm32.10.3-2021.10.win32_1.0.100.202210260954/tools/bin/../lib/gcc/arm-none-eabi/10.3.1/../../../../arm-none-eabi/lib/thumb/v6-m/nofp\libm.a(lib_a-ef_sqrt.o)
                0x000000000800a35c                __ieee754_sqrtf
 *fill*         0x000000000800a40a        0x2 
 .text.atanf    0x000000000800a40c      0x220 c:/program files/stm32cubeide_1.11.0/stm32cubeide/plugins/com.st.stm32cube.ide.mcu.externaltools.gnu-tools-for-stm32.10.3-2021.10.win32_1.0.100.202210260954/tools/bin/../lib/gcc/arm-none-eabi/10.3.1/../../../../arm-none-eabi/lib/thumb/v6-m/nofp\libm.a(lib_a-sf_atan.o)
                0x000000000800a40c                atanf
 .text.fabsf    0x000000000800a62c        0x6 c:/program files/stm32cubeide_1.11.0/stm32cubeide/plugins/com.st.stm32cube.ide.mcu.externaltools.gnu-tools-for-stm32.10.3-2021.10.win32_1.0.100.202210260954/tools/bin/../lib/gcc/arm-none-eabi/10.3.1/../../../../arm-none-eabi/lib/thumb/v6-m/nofp\libm.a(lib_a-sf_fabs.o)
                0x000000000800a62c                fabsf
 *fill*         0x000000000800a632        0x2 
 .text.__errno  0x000000000800a634        0xc c:/program files/stm32cubeide_1.11.0/stm32cubeide/plugins/com.st.stm32cube.ide.mcu.externaltools.gnu-tools-for-stm32.10.3-2021.10.win32_1.0.100.202210260954/tools/bin/../lib/gcc/arm-none-eabi/10.3.1/../../../../arm-none-eabi/lib/thumb/v6-m/nofp\libc_nano.a(lib_a-errno.o)
                0x000000000800a634                __errno
 .text.__libc_init_array
                0x000000000800a640       0x48 c:/program files/stm32cubeide_1.11.0/stm32cubeide/plugins/com.st.stm32cube.ide.mcu.externaltools.gnu-tools-for-stm32.10.3-2021.10.win32_1.0.100.202210260954/tools/bin/../lib/gcc/arm-none-eabi/10.3.1/../../../../arm-none-eabi/lib/thumb/v6-m/nofp\libc_nano.a(lib_a-init.o)
                0x000000000800a640                __libc_init_array
 .text.free     0x000000000800a688       0x14 c:/program files/stm32cubeide_1.11.0/stm32cubeide/plugins/com.st.stm32cube.ide.mcu.externaltools.gnu-tools-for-stm32.10.3-2021.10.win32_1.0.100.202210260954/tools/bin/../lib/gcc/arm-none-eabi/10.3.1/../../../../arm-none-eabi/lib/thumb/v6-m/nofp\libc_nano.a(lib_a-malloc.o)
                0x000000000800a688                free
 .text.memset   0x000000000800a69c       0x10 c:/program files/stm32cubeide_1.11.0/stm32cubeide/plugins/com.st.stm32cube.ide.mcu.externaltools.gnu-tools-for-stm32.10.3-2021.10.win32_1.0.100.202210260954/tools/bin/../lib/gcc/arm-none-eabi/10.3.1/../../../../arm-none-eabi/lib/thumb/v6-m/nofp\libc_nano.a(lib_a-memset.o)
                0x000000000800a69c                memset
 .text._free_r  0x000000000800a6ac       0x94 c:/program files/stm32cubeide_1.11.0/stm32cubeide/plugins/com.st.stm32cube.ide.mcu.externaltools.gnu-tools-for-stm32.10.3-2021.10.win32_1.0.100.202210260954/tools/bin/../lib/gcc/arm-none-eabi/10.3.1/../../../../arm-none-eabi/lib/thumb/v6-m/nofp\libc_nano.a(lib_a-nano-freer.o)
                0x000000000800a6ac                _free_r
 .text.__malloc_lock
                0x000000000800a740       0x10 c:/program files/stm32cubeide_1.11.0/stm32cubeide/plugins/com.st.stm32cube.ide.mcu.externaltools.gnu-tools-for-stm32.10.3-2021.10.win32_1.0.100.202210260954/tools/bin/../lib/gcc/arm-none-eabi/10.3.1/../../../../arm-none-eabi/lib/thumb/v6-m/nofp\libc_nano.a(lib_a-mlock.o)
                0x000000000800a740                __malloc_lock
 .text.__malloc_unlock
                0x000000000800a750       0x10 c:/program files/stm32cubeide_1.11.0/stm32cubeide/plugins/com.st.stm32cube.ide.mcu.externaltools.gnu-tools-for-stm32.10.3-2021.10.win32_1.0.100.202210260954/tools/bin/../lib/gcc/arm-none-eabi/10.3.1/../../../../arm-none-eabi/lib/thumb/v6-m/nofp\libc_nano.a(lib_a-mlock.o)
                0x000000000800a750                __malloc_unlock
 .text.__retarget_lock_acquire_recursive
                0x000000000800a760        0x2 c:/program files/stm32cubeide_1.11.0/stm32cubeide/plugins/com.st.stm32cube.ide.mcu.externaltools.gnu-tools-for-stm32.10.3-2021.10.win32_1.0.100.202210260954/tools/bin/../lib/gcc/arm-none-eabi/10.3.1/../../../../arm-none-eabi/lib/thumb/v6-m/nofp\libc_nano.a(lib_a-lock.o)
                0x000000000800a760                __retarget_lock_acquire_recursive
 .text.__retarget_lock_release_recursive
                0x000000000800a762        0x2 c:/program files/stm32cubeide_1.11.0/stm32cubeide/plugins/com.st.stm32cube.ide.mcu.externaltools.gnu-tools-for-stm32.10.3-2021.10.win32_1.0.100.202210260954/tools/bin/../lib/gcc/arm-none-eabi/10.3.1/../../../../arm-none-eabi/lib/thumb/v6-m/nofp\libc_nano.a(lib_a-lock.o)
                0x000000000800a762                __retarget_lock_release_recursive
 *(.glue_7)
 .glue_7        0x000000000800a764        0x0 linker stubs
 *(.glue_7t)
 .glue_7t       0x000000000800a764        0x0 linker stubs
 *(.eh_frame)
 .eh_frame      0x000000000800a764        0x0 c:/program files/stm32cubeide_1.11.0/stm32cubeide/plugins/com.st.stm32cube.ide.mcu.externaltools.gnu-tools-for-stm32.10.3-2021.10.win32_1.0.100.202210260954/tools/bin/../lib/gcc/arm-none-eabi/10.3.1/thumb/v6-m/nofp/crtbegin.o
 *(.init)
 .init          0x000000000800a764        0x4 c:/program files/stm32cubeide_1.11.0/stm32cubeide/plugins/com.st.stm32cube.ide.mcu.externaltools.gnu-tools-for-stm32.10.3-2021.10.win32_1.0.100.202210260954/tools/bin/../lib/gcc/arm-none-eabi/10.3.1/thumb/v6-m/nofp/crti.o
                0x000000000800a764                _init
 .init          0x000000000800a768        0x8 c:/program files/stm32cubeide_1.11.0/stm32cubeide/plugins/com.st.stm32cube.ide.mcu.externaltools.gnu-tools-for-stm32.10.3-2021.10.win32_1.0.100.202210260954/tools/bin/../lib/gcc/arm-none-eabi/10.3.1/thumb/v6-m/nofp/crtn.o
 *(.fini)
 .fini          0x000000000800a770        0x4 c:/program files/stm32cubeide_1.11.0/stm32cubeide/plugins/com.st.stm32cube.ide.mcu.externaltools.gnu-tools-for-stm32.10.3-2021.10.win32_1.0.100.202210260954/tools/bin/../lib/gcc/arm-none-eabi/10.3.1/thumb/v6-m/nofp/crti.o
                0x000000000800a770                _fini
 .fini          0x000000000800a774        0x8 c:/program files/stm32cubeide_1.11.0/stm32cubeide/plugins/com.st.stm32cube.ide.mcu.externaltools.gnu-tools-for-stm32.10.3-2021.10.win32_1.0.100.202210260954/tools/bin/../lib/gcc/arm-none-eabi/10.3.1/thumb/v6-m/nofp/crtn.o
                0x000000000800a77c                . = ALIGN (0x4)
                0x000000000800a77c                _etext = .

.vfp11_veneer   0x000000000800a77c        0x0
 .vfp11_veneer  0x000000000800a77c        0x0 linker stubs

.v4_bx          0x000000000800a77c        0x0
 .v4_bx         0x000000000800a77c        0x0 linker stubs

.iplt           0x000000000800a77c        0x0
 .iplt          0x000000000800a77c        0x0 c:/program files/stm32cubeide_1.11.0/stm32cubeide/plugins/com.st.stm32cube.ide.mcu.externaltools.gnu-tools-for-stm32.10.3-2021.10.win32_1.0.100.202210260954/tools/bin/../lib/gcc/arm-none-eabi/10.3.1/thumb/v6-m/nofp/crtbegin.o

.rodata         0x000000000800a780      0x960
                0x000000000800a780                . = ALIGN (0x4)
 *(.rodata)
 .rodata        0x000000000800a780       0x80 c:/program files/stm32cubeide_1.11.0/stm32cubeide/plugins/com.st.stm32cube.ide.mcu.externaltools.gnu-tools-for-stm32.10.3-2021.10.win32_1.0.100.202210260954/tools/bin/../lib/gcc/arm-none-eabi/10.3.1/thumb/v6-m/nofp\libgcc.a(divsf3.o)
 .rodata        0x000000000800a800       0x40 c:/program files/stm32cubeide_1.11.0/stm32cubeide/plugins/com.st.stm32cube.ide.mcu.externaltools.gnu-tools-for-stm32.10.3-2021.10.win32_1.0.100.202210260954/tools/bin/../lib/gcc/arm-none-eabi/10.3.1/thumb/v6-m/nofp\libgcc.a(mulsf3.o)
 .rodata        0x000000000800a840       0x40 c:/program files/stm32cubeide_1.11.0/stm32cubeide/plugins/com.st.stm32cube.ide.mcu.externaltools.gnu-tools-for-stm32.10.3-2021.10.win32_1.0.100.202210260954/tools/bin/../lib/gcc/arm-none-eabi/10.3.1/thumb/v6-m/nofp\libgcc.a(divdf3.o)
 .rodata        0x000000000800a880       0x40 c:/program files/stm32cubeide_1.11.0/stm32cubeide/plugins/com.st.stm32cube.ide.mcu.externaltools.gnu-tools-for-stm32.10.3-2021.10.win32_1.0.100.202210260954/tools/bin/../lib/gcc/arm-none-eabi/10.3.1/thumb/v6-m/nofp\libgcc.a(muldf3.o)
 *(.rodata*)
 .rodata._ZL9dmpMemory
                0x000000000800a8c0      0x789 ./Core/MPU6050/MPU6050_6Axis_MotionApps20.o
 *fill*         0x000000000800b049        0x3 
 .rodata.HSV2RGB
                0x000000000800b04c       0x14 ./Core/Src/ARGB.o
 .rodata.AHBPrescTable
                0x000000000800b060       0x10 ./Core/Src/system_stm32f0xx.o
                0x000000000800b060                AHBPrescTable
 .rodata.APBPrescTable
                0x000000000800b070        0x8 ./Core/Src/system_stm32f0xx.o
                0x000000000800b070                APBPrescTable
 .rodata.aPLLMULFactorTable.1
                0x000000000800b078       0x10 ./Drivers/STM32F0xx_HAL_Driver/Src/stm32f0xx_hal_rcc.o
 .rodata.aPredivFactorTable.0
                0x000000000800b088       0x10 ./Drivers/STM32F0xx_HAL_Driver/Src/stm32f0xx_hal_rcc.o
 .rodata.Zero   0x000000000800b098       0x10 c:/program files/stm32cubeide_1.11.0/stm32cubeide/plugins/com.st.stm32cube.ide.mcu.externaltools.gnu-tools-for-stm32.10.3-2021.10.win32_1.0.100.202210260954/tools/bin/../lib/gcc/arm-none-eabi/10.3.1/../../../../arm-none-eabi/lib/thumb/v6-m/nofp\libm.a(lib_a-e_fmod.o)
 .rodata.CSWTCH.8
                0x000000000800b0a8        0xc c:/program files/stm32cubeide_1.11.0/stm32cubeide/plugins/com.st.stm32cube.ide.mcu.externaltools.gnu-tools-for-stm32.10.3-2021.10.win32_1.0.100.202210260954/tools/bin/../lib/gcc/arm-none-eabi/10.3.1/../../../../arm-none-eabi/lib/thumb/v6-m/nofp\libm.a(lib_a-ef_atan2.o)
 .rodata.CSWTCH.9
                0x000000000800b0b4        0xc c:/program files/stm32cubeide_1.11.0/stm32cubeide/plugins/com.st.stm32cube.ide.mcu.externaltools.gnu-tools-for-stm32.10.3-2021.10.win32_1.0.100.202210260954/tools/bin/../lib/gcc/arm-none-eabi/10.3.1/../../../../arm-none-eabi/lib/thumb/v6-m/nofp\libm.a(lib_a-ef_atan2.o)
 .rodata.atanhi
                0x000000000800b0c0       0x10 c:/program files/stm32cubeide_1.11.0/stm32cubeide/plugins/com.st.stm32cube.ide.mcu.externaltools.gnu-tools-for-stm32.10.3-2021.10.win32_1.0.100.202210260954/tools/bin/../lib/gcc/arm-none-eabi/10.3.1/../../../../arm-none-eabi/lib/thumb/v6-m/nofp\libm.a(lib_a-sf_atan.o)
 .rodata.atanlo
                0x000000000800b0d0       0x10 c:/program files/stm32cubeide_1.11.0/stm32cubeide/plugins/com.st.stm32cube.ide.mcu.externaltools.gnu-tools-for-stm32.10.3-2021.10.win32_1.0.100.202210260954/tools/bin/../lib/gcc/arm-none-eabi/10.3.1/../../../../arm-none-eabi/lib/thumb/v6-m/nofp\libm.a(lib_a-sf_atan.o)
                0x000000000800b0e0                . = ALIGN (0x4)

.rel.dyn        0x000000000800b0e0        0x0
 .rel.iplt      0x000000000800b0e0        0x0 c:/program files/stm32cubeide_1.11.0/stm32cubeide/plugins/com.st.stm32cube.ide.mcu.externaltools.gnu-tools-for-stm32.10.3-2021.10.win32_1.0.100.202210260954/tools/bin/../lib/gcc/arm-none-eabi/10.3.1/thumb/v6-m/nofp/crtbegin.o

.ARM.extab      0x000000000800b0e0        0x0
                0x000000000800b0e0                . = ALIGN (0x4)
 *(.ARM.extab* .gnu.linkonce.armextab.*)
                0x000000000800b0e0                . = ALIGN (0x4)

.ARM            0x000000000800b0e0        0x0
                0x000000000800b0e0                . = ALIGN (0x4)
                0x000000000800b0e0                __exidx_start = .
 *(.ARM.exidx*)
                0x000000000800b0e0                __exidx_end = .
                0x000000000800b0e0                . = ALIGN (0x4)

.preinit_array  0x000000000800b0e0        0x0
                0x000000000800b0e0                . = ALIGN (0x4)
                0x000000000800b0e0                PROVIDE (__preinit_array_start = .)
 *(.preinit_array*)
                0x000000000800b0e0                PROVIDE (__preinit_array_end = .)
                0x000000000800b0e0                . = ALIGN (0x4)

.init_array     0x000000000800b0e0        0x8
                0x000000000800b0e0                . = ALIGN (0x4)
                0x000000000800b0e0                PROVIDE (__init_array_start = .)
 *(SORT_BY_NAME(.init_array.*))
 *(.init_array*)
 .init_array    0x000000000800b0e0        0x4 c:/program files/stm32cubeide_1.11.0/stm32cubeide/plugins/com.st.stm32cube.ide.mcu.externaltools.gnu-tools-for-stm32.10.3-2021.10.win32_1.0.100.202210260954/tools/bin/../lib/gcc/arm-none-eabi/10.3.1/thumb/v6-m/nofp/crtbegin.o
 .init_array    0x000000000800b0e4        0x4 ./Core/Src/work.o
                0x000000000800b0e8                PROVIDE (__init_array_end = .)
                0x000000000800b0e8                . = ALIGN (0x4)

.fini_array     0x000000000800b0e8        0x4
                0x000000000800b0e8                . = ALIGN (0x4)
                [!provide]                        PROVIDE (__fini_array_start = .)
 *(SORT_BY_NAME(.fini_array.*))
 *(.fini_array*)
 .fini_array    0x000000000800b0e8        0x4 c:/program files/stm32cubeide_1.11.0/stm32cubeide/plugins/com.st.stm32cube.ide.mcu.externaltools.gnu-tools-for-stm32.10.3-2021.10.win32_1.0.100.202210260954/tools/bin/../lib/gcc/arm-none-eabi/10.3.1/thumb/v6-m/nofp/crtbegin.o
                [!provide]                        PROVIDE (__fini_array_end = .)
                0x000000000800b0ec                . = ALIGN (0x4)
                0x000000000800b0ec                _sidata = LOADADDR (.data)

.data           0x0000000020000000       0x74 load address 0x000000000800b0ec
                0x0000000020000000                . = ALIGN (0x4)
                0x0000000020000000                _sdata = .
 *(.data)
 *(.data*)
 .data._ZN6I2Cdev11readTimeoutE
                0x0000000020000000        0x2 ./Core/MPU6050/I2Cdev.o
                0x0000000020000000                I2Cdev::readTimeout
 .data.ARGB_BR  0x0000000020000002        0x1 ./Core/Src/ARGB.o
                0x0000000020000002                ARGB_BR
 *fill*         0x0000000020000003        0x1 
 .data.SystemCoreClock
                0x0000000020000004        0x4 ./Core/Src/system_stm32f0xx.o
                0x0000000020000004                SystemCoreClock
 .data.uwTickPrio
                0x0000000020000008        0x4 ./Drivers/STM32F0xx_HAL_Driver/Src/stm32f0xx_hal.o
                0x0000000020000008                uwTickPrio
 .data.uwTickFreq
                0x000000002000000c        0x1 ./Drivers/STM32F0xx_HAL_Driver/Src/stm32f0xx_hal.o
                0x000000002000000c                uwTickFreq
 *fill*         0x000000002000000d        0x3 
 .data._impure_ptr
                0x0000000020000010        0x4 c:/program files/stm32cubeide_1.11.0/stm32cubeide/plugins/com.st.stm32cube.ide.mcu.externaltools.gnu-tools-for-stm32.10.3-2021.10.win32_1.0.100.202210260954/tools/bin/../lib/gcc/arm-none-eabi/10.3.1/../../../../arm-none-eabi/lib/thumb/v6-m/nofp\libc_nano.a(lib_a-impure.o)
                0x0000000020000010                _impure_ptr
 .data.impure_data
                0x0000000020000014       0x60 c:/program files/stm32cubeide_1.11.0/stm32cubeide/plugins/com.st.stm32cube.ide.mcu.externaltools.gnu-tools-for-stm32.10.3-2021.10.win32_1.0.100.202210260954/tools/bin/../lib/gcc/arm-none-eabi/10.3.1/../../../../arm-none-eabi/lib/thumb/v6-m/nofp\libc_nano.a(lib_a-impure.o)
 *(.RamFunc)
 *(.RamFunc*)
                0x0000000020000074                . = ALIGN (0x4)
                0x0000000020000074                _edata = .

.igot.plt       0x0000000020000074        0x0 load address 0x000000000800b160
 .igot.plt      0x0000000020000074        0x0 c:/program files/stm32cubeide_1.11.0/stm32cubeide/plugins/com.st.stm32cube.ide.mcu.externaltools.gnu-tools-for-stm32.10.3-2021.10.win32_1.0.100.202210260954/tools/bin/../lib/gcc/arm-none-eabi/10.3.1/thumb/v6-m/nofp/crtbegin.o
                0x0000000020000074                . = ALIGN (0x4)

.bss            0x0000000020000074      0x360 load address 0x000000000800b160
                0x0000000020000074                _sbss = .
                0x0000000020000074                __bss_start__ = _sbss
 *(.bss)
 .bss           0x0000000020000074       0x1c c:/program files/stm32cubeide_1.11.0/stm32cubeide/plugins/com.st.stm32cube.ide.mcu.externaltools.gnu-tools-for-stm32.10.3-2021.10.win32_1.0.100.202210260954/tools/bin/../lib/gcc/arm-none-eabi/10.3.1/thumb/v6-m/nofp/crtbegin.o
 *(.bss*)
 .bss.PWM_HI    0x0000000020000090        0x1 ./Core/Src/ARGB.o
                0x0000000020000090                PWM_HI
 .bss.PWM_LO    0x0000000020000091        0x1 ./Core/Src/ARGB.o
                0x0000000020000091                PWM_LO
 *fill*         0x0000000020000092        0x2 
 .bss.RGB_BUF   0x0000000020000094        0xc ./Core/Src/ARGB.o
                0x0000000020000094                RGB_BUF
 .bss.PWM_BUF   0x00000000200000a0       0xc0 ./Core/Src/ARGB.o
                0x00000000200000a0                PWM_BUF
 .bss.BUF_COUNTER
                0x0000000020000160        0x2 ./Core/Src/ARGB.o
                0x0000000020000160                BUF_COUNTER
 .bss.ARGB_LOC_ST
                0x0000000020000162        0x1 ./Core/Src/ARGB.o
                0x0000000020000162                ARGB_LOC_ST
 *fill*         0x0000000020000163        0x1 
 .bss.hadc      0x0000000020000164       0x40 ./Core/Src/main.o
                0x0000000020000164                hadc
 .bss.hdma_adc  0x00000000200001a4       0x44 ./Core/Src/main.o
                0x00000000200001a4                hdma_adc
 .bss.hi2c1     0x00000000200001e8       0x54 ./Core/Src/main.o
                0x00000000200001e8                hi2c1
 .bss.htim2     0x000000002000023c       0x48 ./Core/Src/main.o
                0x000000002000023c                htim2
 .bss.htim3     0x0000000020000284       0x48 ./Core/Src/main.o
                0x0000000020000284                htim3
 .bss.hdma_tim3_ch3
                0x00000000200002cc       0x44 ./Core/Src/main.o
                0x00000000200002cc                hdma_tim3_ch3
 .bss.adcBuf    0x0000000020000310       0x14 ./Core/Src/main.o
                0x0000000020000310                adcBuf
 .bss.flag      0x0000000020000324        0x4 ./Core/Src/work.o
                0x0000000020000324                flag
 .bss.mpu       0x0000000020000328       0x30 ./Core/Src/work.o
                0x0000000020000328                mpu
 .bss.fifoBuffer
                0x0000000020000358       0x2d ./Core/Src/work.o
                0x0000000020000358                fifoBuffer
 *fill*         0x0000000020000385        0x3 
 .bss.q         0x0000000020000388       0x10 ./Core/Src/work.o
                0x0000000020000388                q
 .bss.gravity   0x0000000020000398        0xc ./Core/Src/work.o
                0x0000000020000398                gravity
 .bss.rawAngle  0x00000000200003a4        0xc ./Core/Src/work.o
                0x00000000200003a4                rawAngle
 .bss.yaw       0x00000000200003b0        0x4 ./Core/Src/work.o
                0x00000000200003b0                yaw
 .bss.pitch     0x00000000200003b4        0x4 ./Core/Src/work.o
                0x00000000200003b4                pitch
 .bss.roll      0x00000000200003b8        0x4 ./Core/Src/work.o
                0x00000000200003b8                roll
 .bss.targetAngle
                0x00000000200003bc        0x4 ./Core/Src/work.o
                0x00000000200003bc                targetAngle
 .bss.currentAngle
                0x00000000200003c0        0x4 ./Core/Src/work.o
                0x00000000200003c0                currentAngle
 .bss._ZZ4WorkE7lastYaw
                0x00000000200003c4        0x4 ./Core/Src/work.o
 .bss.uwTick    0x00000000200003c8        0x4 ./Drivers/STM32F0xx_HAL_Driver/Src/stm32f0xx_hal.o
                0x00000000200003c8                uwTick
 .bss.__malloc_free_list
                0x00000000200003cc        0x4 c:/program files/stm32cubeide_1.11.0/stm32cubeide/plugins/com.st.stm32cube.ide.mcu.externaltools.gnu-tools-for-stm32.10.3-2021.10.win32_1.0.100.202210260954/tools/bin/../lib/gcc/arm-none-eabi/10.3.1/../../../../arm-none-eabi/lib/thumb/v6-m/nofp\libc_nano.a(lib_a-nano-mallocr.o)
                0x00000000200003cc                __malloc_free_list
 .bss.__lock___malloc_recursive_mutex
                0x00000000200003d0        0x1 c:/program files/stm32cubeide_1.11.0/stm32cubeide/plugins/com.st.stm32cube.ide.mcu.externaltools.gnu-tools-for-stm32.10.3-2021.10.win32_1.0.100.202210260954/tools/bin/../lib/gcc/arm-none-eabi/10.3.1/../../../../arm-none-eabi/lib/thumb/v6-m/nofp\libc_nano.a(lib_a-lock.o)
                0x00000000200003d0                __lock___malloc_recursive_mutex
 *(COMMON)
                0x00000000200003d4                . = ALIGN (0x4)
 *fill*         0x00000000200003d1        0x3 
                0x00000000200003d4                _ebss = .
                0x00000000200003d4                __bss_end__ = _ebss

._user_heap_stack
                0x00000000200003d4      0x604 load address 0x000000000800b160
                0x00000000200003d8                . = ALIGN (0x8)
 *fill*         0x00000000200003d4        0x4 
                [!provide]                        PROVIDE (end = .)
                0x00000000200003d8                PROVIDE (_end = .)
                0x00000000200005d8                . = (. + _Min_Heap_Size)
 *fill*         0x00000000200003d8      0x200 
                0x00000000200009d8                . = (. + _Min_Stack_Size)
 *fill*         0x00000000200005d8      0x400 
                0x00000000200009d8                . = ALIGN (0x8)

/DISCARD/
 libc.a(*)
 libm.a(*)
 libgcc.a(*)

.ARM.attributes
                0x0000000000000000       0x28
 *(.ARM.attributes)
 .ARM.attributes
                0x0000000000000000       0x1e c:/program files/stm32cubeide_1.11.0/stm32cubeide/plugins/com.st.stm32cube.ide.mcu.externaltools.gnu-tools-for-stm32.10.3-2021.10.win32_1.0.100.202210260954/tools/bin/../lib/gcc/arm-none-eabi/10.3.1/thumb/v6-m/nofp/crti.o
 .ARM.attributes
                0x000000000000001e       0x2c c:/program files/stm32cubeide_1.11.0/stm32cubeide/plugins/com.st.stm32cube.ide.mcu.externaltools.gnu-tools-for-stm32.10.3-2021.10.win32_1.0.100.202210260954/tools/bin/../lib/gcc/arm-none-eabi/10.3.1/thumb/v6-m/nofp/crtbegin.o
 .ARM.attributes
                0x000000000000004a       0x2c ./Core/MPU6050/I2Cdev.o
 .ARM.attributes
                0x0000000000000076       0x2c ./Core/MPU6050/MPU6050.o
 .ARM.attributes
                0x00000000000000a2       0x2c ./Core/MPU6050/MPU6050_6Axis_MotionApps20.o
 .ARM.attributes
                0x00000000000000ce       0x2c ./Core/Src/ARGB.o
 .ARM.attributes
                0x00000000000000fa       0x2c ./Core/Src/main.o
 .ARM.attributes
                0x0000000000000126       0x2c ./Core/Src/stm32f0xx_hal_msp.o
 .ARM.attributes
                0x0000000000000152       0x2c ./Core/Src/stm32f0xx_it.o
 .ARM.attributes
                0x000000000000017e       0x2c ./Core/Src/support.o
 .ARM.attributes
                0x00000000000001aa       0x2c ./Core/Src/system_stm32f0xx.o
 .ARM.attributes
                0x00000000000001d6       0x2c ./Core/Src/work.o
 .ARM.attributes
                0x0000000000000202       0x21 ./Core/Startup/startup_stm32f072c8ux.o
 .ARM.attributes
                0x0000000000000223       0x2c ./Drivers/STM32F0xx_HAL_Driver/Src/stm32f0xx_hal.o
 .ARM.attributes
                0x000000000000024f       0x2c ./Drivers/STM32F0xx_HAL_Driver/Src/stm32f0xx_hal_adc.o
 .ARM.attributes
                0x000000000000027b       0x2c ./Drivers/STM32F0xx_HAL_Driver/Src/stm32f0xx_hal_cortex.o
 .ARM.attributes
                0x00000000000002a7       0x2c ./Drivers/STM32F0xx_HAL_Driver/Src/stm32f0xx_hal_dma.o
 .ARM.attributes
                0x00000000000002d3       0x2c ./Drivers/STM32F0xx_HAL_Driver/Src/stm32f0xx_hal_gpio.o
 .ARM.attributes
                0x00000000000002ff       0x2c ./Drivers/STM32F0xx_HAL_Driver/Src/stm32f0xx_hal_i2c.o
 .ARM.attributes
                0x000000000000032b       0x2c ./Drivers/STM32F0xx_HAL_Driver/Src/stm32f0xx_hal_i2c_ex.o
 .ARM.attributes
                0x0000000000000357       0x2c ./Drivers/STM32F0xx_HAL_Driver/Src/stm32f0xx_hal_rcc.o
 .ARM.attributes
                0x0000000000000383       0x2c ./Drivers/STM32F0xx_HAL_Driver/Src/stm32f0xx_hal_rcc_ex.o
 .ARM.attributes
                0x00000000000003af       0x2c ./Drivers/STM32F0xx_HAL_Driver/Src/stm32f0xx_hal_tim.o
 .ARM.attributes
                0x00000000000003db       0x2c ./Drivers/STM32F0xx_HAL_Driver/Src/stm32f0xx_hal_tim_ex.o
 .ARM.attributes
                0x0000000000000407       0x2c c:/program files/stm32cubeide_1.11.0/stm32cubeide/plugins/com.st.stm32cube.ide.mcu.externaltools.gnu-tools-for-stm32.10.3-2021.10.win32_1.0.100.202210260954/tools/bin/../lib/gcc/arm-none-eabi/10.3.1/../../../../arm-none-eabi/lib/thumb/v6-m/nofp\libm.a(lib_a-sf_floor.o)
 .ARM.attributes
                0x0000000000000433       0x2c c:/program files/stm32cubeide_1.11.0/stm32cubeide/plugins/com.st.stm32cube.ide.mcu.externaltools.gnu-tools-for-stm32.10.3-2021.10.win32_1.0.100.202210260954/tools/bin/../lib/gcc/arm-none-eabi/10.3.1/../../../../arm-none-eabi/lib/thumb/v6-m/nofp\libm.a(lib_a-w_fmod.o)
 .ARM.attributes
                0x000000000000045f       0x2c c:/program files/stm32cubeide_1.11.0/stm32cubeide/plugins/com.st.stm32cube.ide.mcu.externaltools.gnu-tools-for-stm32.10.3-2021.10.win32_1.0.100.202210260954/tools/bin/../lib/gcc/arm-none-eabi/10.3.1/../../../../arm-none-eabi/lib/thumb/v6-m/nofp\libm.a(lib_a-wf_atan2.o)
 .ARM.attributes
                0x000000000000048b       0x2c c:/program files/stm32cubeide_1.11.0/stm32cubeide/plugins/com.st.stm32cube.ide.mcu.externaltools.gnu-tools-for-stm32.10.3-2021.10.win32_1.0.100.202210260954/tools/bin/../lib/gcc/arm-none-eabi/10.3.1/../../../../arm-none-eabi/lib/thumb/v6-m/nofp\libm.a(lib_a-wf_sqrt.o)
 .ARM.attributes
                0x00000000000004b7       0x2c c:/program files/stm32cubeide_1.11.0/stm32cubeide/plugins/com.st.stm32cube.ide.mcu.externaltools.gnu-tools-for-stm32.10.3-2021.10.win32_1.0.100.202210260954/tools/bin/../lib/gcc/arm-none-eabi/10.3.1/../../../../arm-none-eabi/lib/thumb/v6-m/nofp\libm.a(lib_a-e_fmod.o)
 .ARM.attributes
                0x00000000000004e3       0x2c c:/program files/stm32cubeide_1.11.0/stm32cubeide/plugins/com.st.stm32cube.ide.mcu.externaltools.gnu-tools-for-stm32.10.3-2021.10.win32_1.0.100.202210260954/tools/bin/../lib/gcc/arm-none-eabi/10.3.1/../../../../arm-none-eabi/lib/thumb/v6-m/nofp\libm.a(lib_a-ef_atan2.o)
 .ARM.attributes
                0x000000000000050f       0x2c c:/program files/stm32cubeide_1.11.0/stm32cubeide/plugins/com.st.stm32cube.ide.mcu.externaltools.gnu-tools-for-stm32.10.3-2021.10.win32_1.0.100.202210260954/tools/bin/../lib/gcc/arm-none-eabi/10.3.1/../../../../arm-none-eabi/lib/thumb/v6-m/nofp\libm.a(lib_a-ef_sqrt.o)
 .ARM.attributes
                0x000000000000053b       0x2c c:/program files/stm32cubeide_1.11.0/stm32cubeide/plugins/com.st.stm32cube.ide.mcu.externaltools.gnu-tools-for-stm32.10.3-2021.10.win32_1.0.100.202210260954/tools/bin/../lib/gcc/arm-none-eabi/10.3.1/../../../../arm-none-eabi/lib/thumb/v6-m/nofp\libm.a(lib_a-sf_atan.o)
 .ARM.attributes
                0x0000000000000567       0x2c c:/program files/stm32cubeide_1.11.0/stm32cubeide/plugins/com.st.stm32cube.ide.mcu.externaltools.gnu-tools-for-stm32.10.3-2021.10.win32_1.0.100.202210260954/tools/bin/../lib/gcc/arm-none-eabi/10.3.1/../../../../arm-none-eabi/lib/thumb/v6-m/nofp\libm.a(lib_a-sf_fabs.o)
 .ARM.attributes
                0x0000000000000593       0x2c c:/program files/stm32cubeide_1.11.0/stm32cubeide/plugins/com.st.stm32cube.ide.mcu.externaltools.gnu-tools-for-stm32.10.3-2021.10.win32_1.0.100.202210260954/tools/bin/../lib/gcc/arm-none-eabi/10.3.1/../../../../arm-none-eabi/lib/thumb/v6-m/nofp\libc_nano.a(lib_a-errno.o)
 .ARM.attributes
                0x00000000000005bf       0x2c c:/program files/stm32cubeide_1.11.0/stm32cubeide/plugins/com.st.stm32cube.ide.mcu.externaltools.gnu-tools-for-stm32.10.3-2021.10.win32_1.0.100.202210260954/tools/bin/../lib/gcc/arm-none-eabi/10.3.1/../../../../arm-none-eabi/lib/thumb/v6-m/nofp\libc_nano.a(lib_a-impure.o)
 .ARM.attributes
                0x00000000000005eb       0x2c c:/program files/stm32cubeide_1.11.0/stm32cubeide/plugins/com.st.stm32cube.ide.mcu.externaltools.gnu-tools-for-stm32.10.3-2021.10.win32_1.0.100.202210260954/tools/bin/../lib/gcc/arm-none-eabi/10.3.1/../../../../arm-none-eabi/lib/thumb/v6-m/nofp\libc_nano.a(lib_a-init.o)
 .ARM.attributes
                0x0000000000000617       0x2c c:/program files/stm32cubeide_1.11.0/stm32cubeide/plugins/com.st.stm32cube.ide.mcu.externaltools.gnu-tools-for-stm32.10.3-2021.10.win32_1.0.100.202210260954/tools/bin/../lib/gcc/arm-none-eabi/10.3.1/../../../../arm-none-eabi/lib/thumb/v6-m/nofp\libc_nano.a(lib_a-malloc.o)
 .ARM.attributes
                0x0000000000000643       0x2c c:/program files/stm32cubeide_1.11.0/stm32cubeide/plugins/com.st.stm32cube.ide.mcu.externaltools.gnu-tools-for-stm32.10.3-2021.10.win32_1.0.100.202210260954/tools/bin/../lib/gcc/arm-none-eabi/10.3.1/../../../../arm-none-eabi/lib/thumb/v6-m/nofp\libc_nano.a(lib_a-memset.o)
 .ARM.attributes
                0x000000000000066f       0x2c c:/program files/stm32cubeide_1.11.0/stm32cubeide/plugins/com.st.stm32cube.ide.mcu.externaltools.gnu-tools-for-stm32.10.3-2021.10.win32_1.0.100.202210260954/tools/bin/../lib/gcc/arm-none-eabi/10.3.1/../../../../arm-none-eabi/lib/thumb/v6-m/nofp\libc_nano.a(lib_a-nano-freer.o)
 .ARM.attributes
                0x000000000000069b       0x2c c:/program files/stm32cubeide_1.11.0/stm32cubeide/plugins/com.st.stm32cube.ide.mcu.externaltools.gnu-tools-for-stm32.10.3-2021.10.win32_1.0.100.202210260954/tools/bin/../lib/gcc/arm-none-eabi/10.3.1/../../../../arm-none-eabi/lib/thumb/v6-m/nofp\libc_nano.a(lib_a-nano-mallocr.o)
 .ARM.attributes
                0x00000000000006c7       0x2c c:/program files/stm32cubeide_1.11.0/stm32cubeide/plugins/com.st.stm32cube.ide.mcu.externaltools.gnu-tools-for-stm32.10.3-2021.10.win32_1.0.100.202210260954/tools/bin/../lib/gcc/arm-none-eabi/10.3.1/../../../../arm-none-eabi/lib/thumb/v6-m/nofp\libc_nano.a(lib_a-mlock.o)
 .ARM.attributes
                0x00000000000006f3       0x2c c:/program files/stm32cubeide_1.11.0/stm32cubeide/plugins/com.st.stm32cube.ide.mcu.externaltools.gnu-tools-for-stm32.10.3-2021.10.win32_1.0.100.202210260954/tools/bin/../lib/gcc/arm-none-eabi/10.3.1/../../../../arm-none-eabi/lib/thumb/v6-m/nofp\libc_nano.a(lib_a-lock.o)
 .ARM.attributes
                0x000000000000071f       0x1e c:/program files/stm32cubeide_1.11.0/stm32cubeide/plugins/com.st.stm32cube.ide.mcu.externaltools.gnu-tools-for-stm32.10.3-2021.10.win32_1.0.100.202210260954/tools/bin/../lib/gcc/arm-none-eabi/10.3.1/thumb/v6-m/nofp\libgcc.a(_udivsi3.o)
 .ARM.attributes
                0x000000000000073d       0x1e c:/program files/stm32cubeide_1.11.0/stm32cubeide/plugins/com.st.stm32cube.ide.mcu.externaltools.gnu-tools-for-stm32.10.3-2021.10.win32_1.0.100.202210260954/tools/bin/../lib/gcc/arm-none-eabi/10.3.1/thumb/v6-m/nofp\libgcc.a(_divsi3.o)
 .ARM.attributes
                0x000000000000075b       0x1e c:/program files/stm32cubeide_1.11.0/stm32cubeide/plugins/com.st.stm32cube.ide.mcu.externaltools.gnu-tools-for-stm32.10.3-2021.10.win32_1.0.100.202210260954/tools/bin/../lib/gcc/arm-none-eabi/10.3.1/thumb/v6-m/nofp\libgcc.a(_dvmd_tls.o)
 .ARM.attributes
                0x0000000000000779       0x1e c:/program files/stm32cubeide_1.11.0/stm32cubeide/plugins/com.st.stm32cube.ide.mcu.externaltools.gnu-tools-for-stm32.10.3-2021.10.win32_1.0.100.202210260954/tools/bin/../lib/gcc/arm-none-eabi/10.3.1/thumb/v6-m/nofp\libgcc.a(_arm_cmpdf2.o)
 .ARM.attributes
                0x0000000000000797       0x1e c:/program files/stm32cubeide_1.11.0/stm32cubeide/plugins/com.st.stm32cube.ide.mcu.externaltools.gnu-tools-for-stm32.10.3-2021.10.win32_1.0.100.202210260954/tools/bin/../lib/gcc/arm-none-eabi/10.3.1/thumb/v6-m/nofp\libgcc.a(_arm_cmpsf2.o)
 .ARM.attributes
                0x00000000000007b5       0x2c c:/program files/stm32cubeide_1.11.0/stm32cubeide/plugins/com.st.stm32cube.ide.mcu.externaltools.gnu-tools-for-stm32.10.3-2021.10.win32_1.0.100.202210260954/tools/bin/../lib/gcc/arm-none-eabi/10.3.1/thumb/v6-m/nofp\libgcc.a(_fixunssfsi.o)
 .ARM.attributes
                0x00000000000007e1       0x2c c:/program files/stm32cubeide_1.11.0/stm32cubeide/plugins/com.st.stm32cube.ide.mcu.externaltools.gnu-tools-for-stm32.10.3-2021.10.win32_1.0.100.202210260954/tools/bin/../lib/gcc/arm-none-eabi/10.3.1/thumb/v6-m/nofp\libgcc.a(_fixunsdfsi.o)
 .ARM.attributes
                0x000000000000080d       0x2c c:/program files/stm32cubeide_1.11.0/stm32cubeide/plugins/com.st.stm32cube.ide.mcu.externaltools.gnu-tools-for-stm32.10.3-2021.10.win32_1.0.100.202210260954/tools/bin/../lib/gcc/arm-none-eabi/10.3.1/thumb/v6-m/nofp\libgcc.a(addsf3.o)
 .ARM.attributes
                0x0000000000000839       0x2c c:/program files/stm32cubeide_1.11.0/stm32cubeide/plugins/com.st.stm32cube.ide.mcu.externaltools.gnu-tools-for-stm32.10.3-2021.10.win32_1.0.100.202210260954/tools/bin/../lib/gcc/arm-none-eabi/10.3.1/thumb/v6-m/nofp\libgcc.a(divsf3.o)
 .ARM.attributes
                0x0000000000000865       0x2c c:/program files/stm32cubeide_1.11.0/stm32cubeide/plugins/com.st.stm32cube.ide.mcu.externaltools.gnu-tools-for-stm32.10.3-2021.10.win32_1.0.100.202210260954/tools/bin/../lib/gcc/arm-none-eabi/10.3.1/thumb/v6-m/nofp\libgcc.a(eqsf2.o)
 .ARM.attributes
                0x0000000000000891       0x2c c:/program files/stm32cubeide_1.11.0/stm32cubeide/plugins/com.st.stm32cube.ide.mcu.externaltools.gnu-tools-for-stm32.10.3-2021.10.win32_1.0.100.202210260954/tools/bin/../lib/gcc/arm-none-eabi/10.3.1/thumb/v6-m/nofp\libgcc.a(gesf2.o)
 .ARM.attributes
                0x00000000000008bd       0x2c c:/program files/stm32cubeide_1.11.0/stm32cubeide/plugins/com.st.stm32cube.ide.mcu.externaltools.gnu-tools-for-stm32.10.3-2021.10.win32_1.0.100.202210260954/tools/bin/../lib/gcc/arm-none-eabi/10.3.1/thumb/v6-m/nofp\libgcc.a(lesf2.o)
 .ARM.attributes
                0x00000000000008e9       0x2c c:/program files/stm32cubeide_1.11.0/stm32cubeide/plugins/com.st.stm32cube.ide.mcu.externaltools.gnu-tools-for-stm32.10.3-2021.10.win32_1.0.100.202210260954/tools/bin/../lib/gcc/arm-none-eabi/10.3.1/thumb/v6-m/nofp\libgcc.a(mulsf3.o)
 .ARM.attributes
                0x0000000000000915       0x2c c:/program files/stm32cubeide_1.11.0/stm32cubeide/plugins/com.st.stm32cube.ide.mcu.externaltools.gnu-tools-for-stm32.10.3-2021.10.win32_1.0.100.202210260954/tools/bin/../lib/gcc/arm-none-eabi/10.3.1/thumb/v6-m/nofp\libgcc.a(subsf3.o)
 .ARM.attributes
                0x0000000000000941       0x2c c:/program files/stm32cubeide_1.11.0/stm32cubeide/plugins/com.st.stm32cube.ide.mcu.externaltools.gnu-tools-for-stm32.10.3-2021.10.win32_1.0.100.202210260954/tools/bin/../lib/gcc/arm-none-eabi/10.3.1/thumb/v6-m/nofp\libgcc.a(unordsf2.o)
 .ARM.attributes
                0x000000000000096d       0x2c c:/program files/stm32cubeide_1.11.0/stm32cubeide/plugins/com.st.stm32cube.ide.mcu.externaltools.gnu-tools-for-stm32.10.3-2021.10.win32_1.0.100.202210260954/tools/bin/../lib/gcc/arm-none-eabi/10.3.1/thumb/v6-m/nofp\libgcc.a(fixsfsi.o)
 .ARM.attributes
                0x0000000000000999       0x2c c:/program files/stm32cubeide_1.11.0/stm32cubeide/plugins/com.st.stm32cube.ide.mcu.externaltools.gnu-tools-for-stm32.10.3-2021.10.win32_1.0.100.202210260954/tools/bin/../lib/gcc/arm-none-eabi/10.3.1/thumb/v6-m/nofp\libgcc.a(floatsisf.o)
 .ARM.attributes
                0x00000000000009c5       0x2c c:/program files/stm32cubeide_1.11.0/stm32cubeide/plugins/com.st.stm32cube.ide.mcu.externaltools.gnu-tools-for-stm32.10.3-2021.10.win32_1.0.100.202210260954/tools/bin/../lib/gcc/arm-none-eabi/10.3.1/thumb/v6-m/nofp\libgcc.a(floatunsisf.o)
 .ARM.attributes
                0x00000000000009f1       0x2c c:/program files/stm32cubeide_1.11.0/stm32cubeide/plugins/com.st.stm32cube.ide.mcu.externaltools.gnu-tools-for-stm32.10.3-2021.10.win32_1.0.100.202210260954/tools/bin/../lib/gcc/arm-none-eabi/10.3.1/thumb/v6-m/nofp\libgcc.a(adddf3.o)
 .ARM.attributes
                0x0000000000000a1d       0x2c c:/program files/stm32cubeide_1.11.0/stm32cubeide/plugins/com.st.stm32cube.ide.mcu.externaltools.gnu-tools-for-stm32.10.3-2021.10.win32_1.0.100.202210260954/tools/bin/../lib/gcc/arm-none-eabi/10.3.1/thumb/v6-m/nofp\libgcc.a(divdf3.o)
 .ARM.attributes
                0x0000000000000a49       0x2c c:/program files/stm32cubeide_1.11.0/stm32cubeide/plugins/com.st.stm32cube.ide.mcu.externaltools.gnu-tools-for-stm32.10.3-2021.10.win32_1.0.100.202210260954/tools/bin/../lib/gcc/arm-none-eabi/10.3.1/thumb/v6-m/nofp\libgcc.a(eqdf2.o)
 .ARM.attributes
                0x0000000000000a75       0x2c c:/program files/stm32cubeide_1.11.0/stm32cubeide/plugins/com.st.stm32cube.ide.mcu.externaltools.gnu-tools-for-stm32.10.3-2021.10.win32_1.0.100.202210260954/tools/bin/../lib/gcc/arm-none-eabi/10.3.1/thumb/v6-m/nofp\libgcc.a(gedf2.o)
 .ARM.attributes