C:/Users/Solov/STM32CubeIDE/workspace_1.11.0/JackSparrow/Core/MPU6050/helper_3dmath.hpp:47:9:Quaternion::Quaternion()	16	static
C:/Users/Solov/STM32CubeIDE/workspace_1.11.0/JackSparrow/Core/MPU6050/helper_3dmath.hpp:170:9:VectorFloat::VectorFloat()	16	static
C:/Users/Solov/STM32CubeIDE/workspace_1.11.0/JackSparrow/Core/MPU6050/MPU6050_6Axis_MotionApps20.hpp:53:9:MPU6050_6Axis_MotionApps20::MPU6050_6Axis_MotionApps20(uint8_t, void*)	32	static
../Core/Src/work.cpp:18:6:void doWork()	8	static
../Core/Src/work.cpp:28:6:void startMoveAndLed(uint8_t, uint32_t)	64	static
../Core/Src/work.cpp:59:7:float fixDegrees(float)	16	static
../Core/Src/work.cpp:67:6:void setRandomPozition()	16	static
../Core/Src/work.cpp:73:6:void Work()	32	static
../Core/Src/work.cpp:118:6:void HAL_GPIO_EXTI_Callback(uint16_t)	16	static
../Core/Src/work.cpp:122:6:void HAL_TIM_PeriodElapsedCallback(TIM_HandleTypeDef*)	16	static
c:\program files\stm32cubeide_1.11.0\stm32cubeide\plugins\com.st.stm32cube.ide.mcu.externaltools.gnu-tools-for-stm32.10.3-2021.10.win32_1.0.100.202210260954\tools\arm-none-eabi\include\c++\10.3.1\cmath:290:5:constexpr typename __gnu_cxx::__promote_2<_Tp, _Up>::__type std::fmod(_Tp, _Up) [with _Tp = long unsigned int; _Up = double]	24	static
../Core/Src/work.cpp:134:1:void __static_initialization_and_destruction_0(int, int)	16	static
../Core/Src/work.cpp:134:1:cpp)	8	static
